"../../../Engine/Content/EditorResources/S_Actor.ubulk" 0
"../../../Engine/Content/EditorResources/S_Actor.uasset" 1
"../../../Engine/Content/EditorResources/S_Actor.uexp" 2
"../../../Engine/Content/EditorResources/S_BoxReflectionCapture.uasset" 3
"../../../Engine/Content/EditorResources/S_BoxReflectionCapture.uexp" 4
"../../../Engine/Content/EngineResources/DefaultTexture.ubulk" 5
"../../../Engine/Content/EngineResources/DefaultTexture.uasset" 6
"../../../Engine/Content/EngineResources/DefaultTexture.uexp" 7
"../../../Engine/Content/EngineResources/DefaultTextureCube.uasset" 8
"../../../Engine/Content/EngineResources/DefaultTextureCube.uexp" 9
"../../../Engine/Content/EngineResources/DefaultVolumeTexture2D.uasset" 10
"../../../Engine/Content/EngineResources/DefaultVolumeTexture2D.uexp" 11
"../../../Engine/Content/EngineResources/DefaultVolumeTexture.uasset" 12
"../../../Engine/Content/EngineResources/DefaultVolumeTexture.uexp" 13
"../../../Engine/Content/EditorResources/S_Trigger.ubulk" 14
"../../../Engine/Content/EditorResources/S_Trigger.uasset" 15
"../../../Engine/Content/EditorResources/S_Trigger.uexp" 16
"../../../Engine/Content/EditorResources/S_TriggerBox.uasset" 17
"../../../Engine/Content/EditorResources/S_TriggerBox.uexp" 18
"../../../Engine/Content/EditorResources/S_TriggerCapsule.uasset" 19
"../../../Engine/Content/EditorResources/S_TriggerCapsule.uexp" 20
"../../../Engine/Content/EditorResources/S_TriggerSphere.uasset" 21
"../../../Engine/Content/EditorResources/S_TriggerSphere.uexp" 22
"../../../Engine/Content/EngineMeshes/Sphere.uasset" 23
"../../../Engine/Content/EngineMeshes/Sphere.uexp" 24
"../../../Engine/Content/EngineResources/GradientTexture0.uasset" 25
"../../../Engine/Content/EngineResources/GradientTexture0.uexp" 26
"../../../Engine/Content/VREditor/LaserPointer/VR_LaserPower_01.ubulk" 27
"../../../Engine/Content/VREditor/LaserPointer/VR_LaserPower_01.uasset" 28
"../../../Engine/Content/VREditor/LaserPointer/VR_LaserPower_01.uexp" 29
"../../../Engine/Content/VREditor/TransformGizmo/TransformGizmoMaterial.uasset" 30
"../../../Engine/Content/VREditor/TransformGizmo/TransformGizmoMaterial.uexp" 31
"../../../Engine/Content/VREditor/TransformGizmo/TranslucentTransformGizmoMaterial.uasset" 32
"../../../Engine/Content/VREditor/TransformGizmo/TranslucentTransformGizmoMaterial.uexp" 33
"../../../Engine/Content/VREditor/TransformGizmo/BoundingBoxCorner.uasset" 34
"../../../Engine/Content/VREditor/TransformGizmo/BoundingBoxCorner.uexp" 35
"../../../Engine/Content/VREditor/TransformGizmo/BoundingBoxEdge.uasset" 36
"../../../Engine/Content/VREditor/TransformGizmo/BoundingBoxEdge.uexp" 37
"../../../Engine/Content/VREditor/TransformGizmo/Main.uasset" 38
"../../../Engine/Content/VREditor/TransformGizmo/Main.uexp" 39
"../../../Engine/Content/VREditor/TransformGizmo/Xray.uasset" 40
"../../../Engine/Content/VREditor/TransformGizmo/Xray.uexp" 41
"../../../Engine/Content/VREditor/TransformGizmo/SM_Sequencer_Node.uasset" 42
"../../../Engine/Content/VREditor/TransformGizmo/SM_Sequencer_Node.uexp" 43
"../../../Engine/Content/EditorResources/S_Solver.ubulk" 44
"../../../Engine/Content/EditorResources/S_Solver.uasset" 45
"../../../Engine/Content/EditorResources/S_Solver.uexp" 46
"../../../Engine/Content/EditorMaterials/Camera/CineMat.uasset" 47
"../../../Engine/Content/EditorMaterials/Camera/CineMat.uexp" 48
"../../../Engine/Content/EditorMaterials/Camera/MI_CineMat_Rig.uasset" 49
"../../../Engine/Content/EditorMaterials/Camera/MI_CineMat_Rig.uexp" 50
"../../../Engine/Content/EditorMeshes/Camera/SM_CraneRig_Base.uasset" 51
"../../../Engine/Content/EditorMeshes/Camera/SM_CraneRig_Base.uexp" 52
"../../../Engine/Content/EditorMeshes/Camera/SM_CraneRig_Arm.uasset" 53
"../../../Engine/Content/EditorMeshes/Camera/SM_CraneRig_Arm.uexp" 54
"../../../Engine/Content/EditorMeshes/Camera/SM_CraneRig_Mount.uasset" 55
"../../../Engine/Content/EditorMeshes/Camera/SM_CraneRig_Mount.uexp" 56
"../../../Engine/Content/EditorMeshes/Camera/SM_CraneRig_Body.uasset" 57
"../../../Engine/Content/EditorMeshes/Camera/SM_CraneRig_Body.uexp" 58
"../../../Engine/Content/EditorMeshes/Camera/SM_RailRig_Track.uasset" 59
"../../../Engine/Content/EditorMeshes/Camera/SM_RailRig_Track.uexp" 60
"../../../Engine/Content/EditorMeshes/Camera/SM_RailRig_Mount.uasset" 61
"../../../Engine/Content/EditorMeshes/Camera/SM_RailRig_Mount.uexp" 62
"../../../Engine/Content/EngineMaterials/T_Default_Material_Grid_M.ubulk" 63
"../../../Engine/Content/EngineMaterials/T_Default_Material_Grid_M.uasset" 64
"../../../Engine/Content/EngineMaterials/T_Default_Material_Grid_M.uexp" 65
"../../../Engine/Content/EngineMaterials/T_Default_Material_Grid_N.ubulk" 66
"../../../Engine/Content/EngineMaterials/T_Default_Material_Grid_N.uasset" 67
"../../../Engine/Content/EngineMaterials/T_Default_Material_Grid_N.uexp" 68
"../../../Engine/Content/Functions/Engine_MaterialFunctions01/Opacity/CameraDepthFade.uasset" 69
"../../../Engine/Content/Functions/Engine_MaterialFunctions01/Opacity/CameraDepthFade.uexp" 70
"../../../Engine/Content/EngineMaterials/WorldGridMaterial.uasset" 71
"../../../Engine/Content/EngineMaterials/WorldGridMaterial.uexp" 72
"../../../Engine/Content/ArtTools/RenderToTexture/Meshes/S_1_Unit_Plane.uasset" 73
"../../../Engine/Content/ArtTools/RenderToTexture/Meshes/S_1_Unit_Plane.uexp" 74
"../../../Engine/Content/EditorMaterials/ParticleSystems/PSysThumbnail_NoImage.ubulk" 75
"../../../Engine/Content/EditorMaterials/ParticleSystems/PSysThumbnail_NoImage.uasset" 76
"../../../Engine/Content/EditorMaterials/ParticleSystems/PSysThumbnail_NoImage.uexp" 77
"../../../Engine/Content/EditorMaterials/ParticleSystems/PSysThumbnail_OOD.ubulk" 78
"../../../Engine/Content/EditorMaterials/ParticleSystems/PSysThumbnail_OOD.uasset" 79
"../../../Engine/Content/EditorMaterials/ParticleSystems/PSysThumbnail_OOD.uexp" 80
"../../../Engine/Content/EditorLandscapeResources/SplineEditorMeshMat.uasset" 81
"../../../Engine/Content/EditorLandscapeResources/SplineEditorMeshMat.uexp" 82
"../../../Engine/Content/EditorLandscapeResources/SplineEditorMesh.uasset" 83
"../../../Engine/Content/EditorLandscapeResources/SplineEditorMesh.uexp" 84
"../../../Engine/Plugins/Media/MediaPlate/Content/SM_MediaPlateScreen.uasset" 85
"../../../Engine/Plugins/Media/MediaPlate/Content/SM_MediaPlateScreen.uexp" 86
"../../../Engine/Content/EngineMaterials/BaseFlattenNormalMap.uasset" 87
"../../../Engine/Content/EngineMaterials/BaseFlattenNormalMap.uexp" 88
"../../../Engine/Content/EngineResources/Black.uasset" 89
"../../../Engine/Content/EngineResources/Black.uexp" 90
"../../../Engine/Plugins/Runtime/OpenXR/Content/Devices/M_XRController.uasset" 91
"../../../Engine/Plugins/Runtime/OpenXR/Content/Devices/M_XRController.uexp" 92
"../../../Engine/Plugins/Runtime/OpenXR/Content/Devices/HTCVive/BaseTexture.ubulk" 93
"../../../Engine/Plugins/Runtime/OpenXR/Content/Devices/HTCVive/BaseTexture.uasset" 94
"../../../Engine/Plugins/Runtime/OpenXR/Content/Devices/HTCVive/BaseTexture.uexp" 95
"../../../Engine/Plugins/Runtime/OpenXR/Content/Devices/HTCVive/MI_HTCVive.uasset" 96
"../../../Engine/Plugins/Runtime/OpenXR/Content/Devices/HTCVive/MI_HTCVive.uexp" 97
"../../../Engine/Plugins/Runtime/OpenXR/Content/Devices/HTCVive/HTCViveController.uasset" 98
"../../../Engine/Plugins/Runtime/OpenXR/Content/Devices/HTCVive/HTCViveController.uexp" 99
"../../../Engine/Plugins/Runtime/OpenXR/Content/Devices/MicrosoftMixedReality/NormalTexture.ubulk" 100
"../../../Engine/Plugins/Runtime/OpenXR/Content/Devices/MicrosoftMixedReality/NormalTexture.uasset" 101
"../../../Engine/Plugins/Runtime/OpenXR/Content/Devices/MicrosoftMixedReality/NormalTexture.uexp" 102
"../../../Engine/Plugins/Runtime/OpenXR/Content/Devices/MicrosoftMixedReality/EmissiveTexture.ubulk" 103
"../../../Engine/Plugins/Runtime/OpenXR/Content/Devices/MicrosoftMixedReality/EmissiveTexture.uasset" 104
"../../../Engine/Plugins/Runtime/OpenXR/Content/Devices/MicrosoftMixedReality/EmissiveTexture.uexp" 105
"../../../Engine/Plugins/Runtime/OpenXR/Content/Devices/MicrosoftMixedReality/BaseTexture.ubulk" 106
"../../../Engine/Plugins/Runtime/OpenXR/Content/Devices/MicrosoftMixedReality/BaseTexture.uasset" 107
"../../../Engine/Plugins/Runtime/OpenXR/Content/Devices/MicrosoftMixedReality/BaseTexture.uexp" 108
"../../../Engine/Plugins/Runtime/OpenXR/Content/Devices/MicrosoftMixedReality/MRTexture.ubulk" 109
"../../../Engine/Plugins/Runtime/OpenXR/Content/Devices/MicrosoftMixedReality/MRTexture.uasset" 110
"../../../Engine/Plugins/Runtime/OpenXR/Content/Devices/MicrosoftMixedReality/MRTexture.uexp" 111
"../../../Engine/Plugins/Runtime/OpenXR/Content/Devices/MicrosoftMixedReality/MI_MicrosoftMixedReality.uasset" 112
"../../../Engine/Plugins/Runtime/OpenXR/Content/Devices/MicrosoftMixedReality/MI_MicrosoftMixedReality.uexp" 113
"../../../Engine/Plugins/Runtime/OpenXR/Content/Devices/MicrosoftMixedReality/Left/left_MicrosoftMixedRealityController.uasset" 114
"../../../Engine/Plugins/Runtime/OpenXR/Content/Devices/MicrosoftMixedReality/Left/left_MicrosoftMixedRealityController.uexp" 115
"../../../Engine/Plugins/Runtime/OpenXR/Content/Devices/MicrosoftMixedReality/Right/right_MicrosoftMixedRealityController.uasset" 116
"../../../Engine/Plugins/Runtime/OpenXR/Content/Devices/MicrosoftMixedReality/Right/right_MicrosoftMixedRealityController.uexp" 117
"../../../Engine/Plugins/Runtime/OpenXR/Content/Devices/OculusGo/BaseTexture.ubulk" 118
"../../../Engine/Plugins/Runtime/OpenXR/Content/Devices/OculusGo/BaseTexture.uasset" 119
"../../../Engine/Plugins/Runtime/OpenXR/Content/Devices/OculusGo/BaseTexture.uexp" 120
"../../../Engine/Plugins/Runtime/OpenXR/Content/Devices/OculusGo/MI_OculusGo.uasset" 121
"../../../Engine/Plugins/Runtime/OpenXR/Content/Devices/OculusGo/MI_OculusGo.uexp" 122
"../../../Engine/Plugins/Runtime/OpenXR/Content/Devices/OculusGo/OculusGoController.uasset" 123
"../../../Engine/Plugins/Runtime/OpenXR/Content/Devices/OculusGo/OculusGoController.uexp" 124
"../../../Engine/Plugins/Runtime/OpenXR/Content/Devices/OculusTouch/BaseTexture.ubulk" 125
"../../../Engine/Plugins/Runtime/OpenXR/Content/Devices/OculusTouch/BaseTexture.uasset" 126
"../../../Engine/Plugins/Runtime/OpenXR/Content/Devices/OculusTouch/BaseTexture.uexp" 127
"../../../Engine/Plugins/Runtime/OpenXR/Content/Devices/OculusTouch/MRTexture.ubulk" 128
"../../../Engine/Plugins/Runtime/OpenXR/Content/Devices/OculusTouch/MRTexture.uasset" 129
"../../../Engine/Plugins/Runtime/OpenXR/Content/Devices/OculusTouch/MRTexture.uexp" 130
"../../../Engine/Plugins/Runtime/OpenXR/Content/Devices/OculusTouch/MI_OculusTouch.uasset" 131
"../../../Engine/Plugins/Runtime/OpenXR/Content/Devices/OculusTouch/MI_OculusTouch.uexp" 132
"../../../Engine/Plugins/Runtime/OpenXR/Content/Devices/OculusTouch/Left/left_OculusTouchController.uasset" 133
"../../../Engine/Plugins/Runtime/OpenXR/Content/Devices/OculusTouch/Left/left_OculusTouchController.uexp" 134
"../../../Engine/Plugins/Runtime/OpenXR/Content/Devices/OculusTouch/Right/right_OculusTouchController.uasset" 135
"../../../Engine/Plugins/Runtime/OpenXR/Content/Devices/OculusTouch/Right/right_OculusTouchController.uexp" 136
"../../../Engine/Plugins/Runtime/OpenXR/Content/Devices/ValveIndex/MRTexture.ubulk" 137
"../../../Engine/Plugins/Runtime/OpenXR/Content/Devices/ValveIndex/MRTexture.uasset" 138
"../../../Engine/Plugins/Runtime/OpenXR/Content/Devices/ValveIndex/MRTexture.uexp" 139
"../../../Engine/Plugins/Runtime/OpenXR/Content/Devices/ValveIndex/BaseTexture.ubulk" 140
"../../../Engine/Plugins/Runtime/OpenXR/Content/Devices/ValveIndex/BaseTexture.uasset" 141
"../../../Engine/Plugins/Runtime/OpenXR/Content/Devices/ValveIndex/BaseTexture.uexp" 142
"../../../Engine/Plugins/Runtime/OpenXR/Content/Devices/ValveIndex/Left/MI_left_ValveIndex.uasset" 143
"../../../Engine/Plugins/Runtime/OpenXR/Content/Devices/ValveIndex/Left/MI_left_ValveIndex.uexp" 144
"../../../Engine/Plugins/Runtime/OpenXR/Content/Devices/ValveIndex/Left/left_ValveIndexController.uasset" 145
"../../../Engine/Plugins/Runtime/OpenXR/Content/Devices/ValveIndex/Left/left_ValveIndexController.uexp" 146
"../../../Engine/Plugins/Runtime/OpenXR/Content/Devices/ValveIndex/Right/MI_right_ValveIndex.uasset" 147
"../../../Engine/Plugins/Runtime/OpenXR/Content/Devices/ValveIndex/Right/MI_right_ValveIndex.uexp" 148
"../../../Engine/Plugins/Runtime/OpenXR/Content/Devices/ValveIndex/Right/right_ValveIndexController.uasset" 149
"../../../Engine/Plugins/Runtime/OpenXR/Content/Devices/ValveIndex/Right/right_ValveIndexController.uexp" 150
"../../../Engine/Plugins/Runtime/OpenXR/Content/Devices/OculusTouch_v2/BaseTexture.ubulk" 151
"../../../Engine/Plugins/Runtime/OpenXR/Content/Devices/OculusTouch_v2/BaseTexture.uasset" 152
"../../../Engine/Plugins/Runtime/OpenXR/Content/Devices/OculusTouch_v2/BaseTexture.uexp" 153
"../../../Engine/Plugins/Runtime/OpenXR/Content/Devices/OculusTouch_v2/MRTexture.ubulk" 154
"../../../Engine/Plugins/Runtime/OpenXR/Content/Devices/OculusTouch_v2/MRTexture.uasset" 155
"../../../Engine/Plugins/Runtime/OpenXR/Content/Devices/OculusTouch_v2/MRTexture.uexp" 156
"../../../Engine/Plugins/Runtime/OpenXR/Content/Devices/OculusTouch_v2/MI_OculusTouch_v2.uasset" 157
"../../../Engine/Plugins/Runtime/OpenXR/Content/Devices/OculusTouch_v2/MI_OculusTouch_v2.uexp" 158
"../../../Engine/Plugins/Runtime/OpenXR/Content/Devices/OculusTouch_v2/Left/left_OculusTouch_v2Controller.uasset" 159
"../../../Engine/Plugins/Runtime/OpenXR/Content/Devices/OculusTouch_v2/Left/left_OculusTouch_v2Controller.uexp" 160
"../../../Engine/Plugins/Runtime/OpenXR/Content/Devices/OculusTouch_v2/Right/right_OculusTouch_v2Controller.uasset" 161
"../../../Engine/Plugins/Runtime/OpenXR/Content/Devices/OculusTouch_v2/Right/right_OculusTouch_v2Controller.uexp" 162
"../../../Engine/Plugins/Runtime/OpenXR/Content/Devices/OculusTouch_v3/MRTexture.ubulk" 163
"../../../Engine/Plugins/Runtime/OpenXR/Content/Devices/OculusTouch_v3/MRTexture.uasset" 164
"../../../Engine/Plugins/Runtime/OpenXR/Content/Devices/OculusTouch_v3/MRTexture.uexp" 165
"../../../Engine/Plugins/Runtime/OpenXR/Content/Devices/OculusTouch_v3/BaseTexture.ubulk" 166
"../../../Engine/Plugins/Runtime/OpenXR/Content/Devices/OculusTouch_v3/BaseTexture.uasset" 167
"../../../Engine/Plugins/Runtime/OpenXR/Content/Devices/OculusTouch_v3/BaseTexture.uexp" 168
"../../../Engine/Plugins/Runtime/OpenXR/Content/Devices/OculusTouch_v3/MI_OculusTouch_v3.uasset" 169
"../../../Engine/Plugins/Runtime/OpenXR/Content/Devices/OculusTouch_v3/MI_OculusTouch_v3.uexp" 170
"../../../Engine/Plugins/Runtime/OpenXR/Content/Devices/OculusTouch_v3/Left/left_OculusTouch_v3Controller.uasset" 171
"../../../Engine/Plugins/Runtime/OpenXR/Content/Devices/OculusTouch_v3/Left/left_OculusTouch_v3Controller.uexp" 172
"../../../Engine/Plugins/Runtime/OpenXR/Content/Devices/OculusTouch_v3/Right/right_OculusTouch_v3Controller.uasset" 173
"../../../Engine/Plugins/Runtime/OpenXR/Content/Devices/OculusTouch_v3/Right/right_OculusTouch_v3Controller.uexp" 174
"../../../Engine/Content/EngineMaterials/DefaultBokeh.uasset" 175
"../../../Engine/Content/EngineMaterials/DefaultBokeh.uexp" 176
"../../../Engine/Content/EngineMaterials/MiniFont.uasset" 177
"../../../Engine/Content/EngineMaterials/MiniFont.uexp" 178
"../../../Engine/Content/EngineMaterials/WeightMapPlaceholderTexture.uasset" 179
"../../../Engine/Content/EngineMaterials/WeightMapPlaceholderTexture.uexp" 180
"../../../Engine/Content/EngineMaterials/WeightMapArrayPlaceholderTexture.uasset" 181
"../../../Engine/Content/EngineMaterials/WeightMapArrayPlaceholderTexture.uexp" 182
"../../../Engine/Content/EngineMaterials/DefaultWhiteGrid.ubulk" 183
"../../../Engine/Content/EngineMaterials/DefaultWhiteGrid.uasset" 184
"../../../Engine/Content/EngineMaterials/DefaultWhiteGrid.uexp" 185
"../../../Engine/Content/EngineMaterials/PreintegratedSkinBRDF.uasset" 186
"../../../Engine/Content/EngineMaterials/PreintegratedSkinBRDF.uexp" 187
"../../../Engine/Plugins/Runtime/MeshModelingToolset/Content/Materials/M_DynamicMeshComponentVtxColor.uasset" 188
"../../../Engine/Plugins/Runtime/MeshModelingToolset/Content/Materials/M_DynamicMeshComponentVtxColor.uexp" 189
"../../../Engine/Content/Functions/Engine_MaterialFunctions02/Utility/CameraDirectionVector.uasset" 190
"../../../Engine/Content/Functions/Engine_MaterialFunctions02/Utility/CameraDirectionVector.uexp" 191
"../../../Engine/Content/Functions/Engine_MaterialFunctions01/Volumetrics/BeersLaw.uasset" 192
"../../../Engine/Content/Functions/Engine_MaterialFunctions01/Volumetrics/BeersLaw.uexp" 193
"../../../Engine/Content/EngineMaterials/Good64x64TilingNoiseHighFreq.uasset" 194
"../../../Engine/Content/EngineMaterials/Good64x64TilingNoiseHighFreq.uexp" 195
"../../../Engine/Content/Functions/Engine_MaterialFunctions02/Texturing/ScreenAlignedPixelToPixelUVs.uasset" 196
"../../../Engine/Content/Functions/Engine_MaterialFunctions02/Texturing/ScreenAlignedPixelToPixelUVs.uexp" 197
"../../../Engine/Content/Functions/Engine_MaterialFunctions02/Utility/BreakOutFloat3Components.uasset" 198
"../../../Engine/Content/Functions/Engine_MaterialFunctions02/Utility/BreakOutFloat3Components.uexp" 199
"../../../Engine/Content/Functions/Engine_MaterialFunctions03/Math/RemapValueRange.uasset" 200
"../../../Engine/Content/Functions/Engine_MaterialFunctions03/Math/RemapValueRange.uexp" 201
"../../../Engine/Plugins/Editor/SpeedTreeImporter/Content/SpeedTree9/game_wind_noise.ubulk" 202
"../../../Engine/Plugins/Editor/SpeedTreeImporter/Content/SpeedTree9/game_wind_noise.uasset" 203
"../../../Engine/Plugins/Editor/SpeedTreeImporter/Content/SpeedTree9/game_wind_noise.uexp" 204
"../../../Engine/Plugins/Editor/SpeedTreeImporter/Content/SpeedTree9/UnpackDirection.uasset" 205
"../../../Engine/Plugins/Editor/SpeedTreeImporter/Content/SpeedTree9/UnpackDirection.uexp" 206
"../../../Engine/Content/Functions/Engine_MaterialFunctions02/ObjectLocalBounds.uasset" 207
"../../../Engine/Content/Functions/Engine_MaterialFunctions02/ObjectLocalBounds.uexp" 208
"../../../Engine/Content/Functions/Engine_MaterialFunctions02/UVs/BoundingBoxBased_0-1_UVW.uasset" 209
"../../../Engine/Content/Functions/Engine_MaterialFunctions02/UVs/BoundingBoxBased_0-1_UVW.uexp" 210
"../../../Engine/Content/Functions/Engine_MaterialFunctions02/Utility/VectorLength.uasset" 211
"../../../Engine/Content/Functions/Engine_MaterialFunctions02/Utility/VectorLength.uexp" 212
"../../../Engine/Plugins/Editor/SpeedTreeImporter/Content/SpeedTree9/UnpackInteger3.uasset" 213
"../../../Engine/Plugins/Editor/SpeedTreeImporter/Content/SpeedTree9/UnpackInteger3.uexp" 214
"../../../Engine/Plugins/Editor/SpeedTreeImporter/Content/SpeedTree9/SpeedTreeCameraFacing.uasset" 215
"../../../Engine/Plugins/Editor/SpeedTreeImporter/Content/SpeedTree9/SpeedTreeCameraFacing.uexp" 216
"../../../Engine/Content/Functions/Engine_MaterialFunctions02/WorldPositionOffset/ObjectScale.uasset" 217
"../../../Engine/Content/Functions/Engine_MaterialFunctions02/WorldPositionOffset/ObjectScale.uexp" 218
"../../../Engine/Content/Functions/Engine_MaterialFunctions02/SafeNormalize.uasset" 219
"../../../Engine/Content/Functions/Engine_MaterialFunctions02/SafeNormalize.uexp" 220
"../../../Engine/Plugins/Editor/SpeedTreeImporter/Content/SpeedTree9/SpeedTreeWindMotion.uasset" 221
"../../../Engine/Plugins/Editor/SpeedTreeImporter/Content/SpeedTree9/SpeedTreeWindMotion.uexp" 222
"../../../Engine/Plugins/Editor/SpeedTreeImporter/Content/SpeedTree9/SpeedTreeBranchMotion.uasset" 223
"../../../Engine/Plugins/Editor/SpeedTreeImporter/Content/SpeedTree9/SpeedTreeBranchMotion.uexp" 224
"../../../Engine/Plugins/Editor/SpeedTreeImporter/Content/SpeedTree9/SpeedTreeWind.uasset" 225
"../../../Engine/Plugins/Editor/SpeedTreeImporter/Content/SpeedTree9/SpeedTreeWind.uexp" 226
"../../../Engine/Plugins/Editor/SpeedTreeImporter/Content/SpeedTree9/EmptyNormal.uasset" 227
"../../../Engine/Plugins/Editor/SpeedTreeImporter/Content/SpeedTree9/EmptyNormal.uexp" 228
"../../../Engine/Plugins/Editor/SpeedTreeImporter/Content/SpeedTree9/Empty.uasset" 229
"../../../Engine/Plugins/Editor/SpeedTreeImporter/Content/SpeedTree9/Empty.uexp" 230
"../../../Engine/Plugins/Editor/SpeedTreeImporter/Content/SpeedTree9/SpeedTreeMaster.uasset" 231
"../../../Engine/Plugins/Editor/SpeedTreeImporter/Content/SpeedTree9/SpeedTreeMaster.uexp" 232
"../../../Engine/Plugins/Editor/SpeedTreeImporter/Content/SpeedTree9/SpeedTreeBillboard.uasset" 233
"../../../Engine/Plugins/Editor/SpeedTreeImporter/Content/SpeedTree9/SpeedTreeBillboard.uexp" 234
"../../../Engine/Plugins/Editor/SpeedTreeImporter/Content/SpeedTree9/SpeedTreeBillboardMaster.uasset" 235
"../../../Engine/Plugins/Editor/SpeedTreeImporter/Content/SpeedTree9/SpeedTreeBillboardMaster.uexp" 236
"../../../Engine/Content/Functions/Engine_MaterialFunctions02/WorldPositionOffset/CameraOffset.uasset" 237
"../../../Engine/Content/Functions/Engine_MaterialFunctions02/WorldPositionOffset/CameraOffset.uexp" 238
"../../../Engine/Plugins/Animation/ControlRig/Content/M_Manip.uasset" 239
"../../../Engine/Plugins/Animation/ControlRig/Content/M_Manip.uexp" 240
"../../../Engine/Plugins/Animation/ControlRig/Content/Controls/DefaultGizmoLibraryNormalized.uasset" 241
"../../../Engine/Plugins/Animation/ControlRig/Content/Controls/DefaultGizmoLibraryNormalized.uexp" 242
"../../../Engine/Plugins/Animation/ControlRig/Content/Controls/ControlRig_Wedge_solid.uasset" 243
"../../../Engine/Plugins/Animation/ControlRig/Content/Controls/ControlRig_Wedge_solid.uexp" 244
"../../../Engine/Plugins/Animation/ControlRig/Content/Controls/ControlRig_Wedge_3mm.uasset" 245
"../../../Engine/Plugins/Animation/ControlRig/Content/Controls/ControlRig_Wedge_3mm.uexp" 246
"../../../Engine/Plugins/Animation/ControlRig/Content/Controls/ControlRig_Wedge_1mm.uasset" 247
"../../../Engine/Plugins/Animation/ControlRig/Content/Controls/ControlRig_Wedge_1mm.uexp" 248
"../../../Engine/Plugins/Animation/ControlRig/Content/Controls/ControlRig_Triangle_solid.uasset" 249
"../../../Engine/Plugins/Animation/ControlRig/Content/Controls/ControlRig_Triangle_solid.uexp" 250
"../../../Engine/Plugins/Animation/ControlRig/Content/Controls/ControlRig_Triangle_3mm.uasset" 251
"../../../Engine/Plugins/Animation/ControlRig/Content/Controls/ControlRig_Triangle_3mm.uexp" 252
"../../../Engine/Plugins/Animation/ControlRig/Content/Controls/ControlRig_Triangle_1mm.uasset" 253
"../../../Engine/Plugins/Animation/ControlRig/Content/Controls/ControlRig_Triangle_1mm.uexp" 254
"../../../Engine/Plugins/Animation/ControlRig/Content/Controls/ControlRig_Star4_solid.uasset" 255
"../../../Engine/Plugins/Animation/ControlRig/Content/Controls/ControlRig_Star4_solid.uexp" 256
"../../../Engine/Plugins/Animation/ControlRig/Content/Controls/ControlRig_Star4_3mm.uasset" 257
"../../../Engine/Plugins/Animation/ControlRig/Content/Controls/ControlRig_Star4_3mm.uexp" 258
"../../../Engine/Plugins/Animation/ControlRig/Content/Controls/ControlRig_Star4_1mm.uasset" 259
"../../../Engine/Plugins/Animation/ControlRig/Content/Controls/ControlRig_Star4_1mm.uexp" 260
"../../../Engine/Plugins/Animation/ControlRig/Content/Controls/ControlRig_Square_solid.uasset" 261
"../../../Engine/Plugins/Animation/ControlRig/Content/Controls/ControlRig_Square_solid.uexp" 262
"../../../Engine/Plugins/Animation/ControlRig/Content/Controls/ControlRig_Square_3mm.uasset" 263
"../../../Engine/Plugins/Animation/ControlRig/Content/Controls/ControlRig_Square_3mm.uexp" 264
"../../../Engine/Plugins/Animation/ControlRig/Content/Controls/ControlRig_Square_1mm.uasset" 265
"../../../Engine/Plugins/Animation/ControlRig/Content/Controls/ControlRig_Square_1mm.uexp" 266
"../../../Engine/Plugins/Animation/ControlRig/Content/Controls/ControlRig_Sphere_solid.uasset" 267
"../../../Engine/Plugins/Animation/ControlRig/Content/Controls/ControlRig_Sphere_solid.uexp" 268
"../../../Engine/Plugins/Animation/ControlRig/Content/Controls/ControlRig_Sphere_3mm.uasset" 269
"../../../Engine/Plugins/Animation/ControlRig/Content/Controls/ControlRig_Sphere_3mm.uexp" 270
"../../../Engine/Plugins/Animation/ControlRig/Content/Controls/ControlRig_Sphere_1mm.uasset" 271
"../../../Engine/Plugins/Animation/ControlRig/Content/Controls/ControlRig_Sphere_1mm.uexp" 272
"../../../Engine/Plugins/Animation/ControlRig/Content/Controls/ControlRig_RoundedTriangle_solid.uasset" 273
"../../../Engine/Plugins/Animation/ControlRig/Content/Controls/ControlRig_RoundedTriangle_solid.uexp" 274
"../../../Engine/Plugins/Animation/ControlRig/Content/Controls/ControlRig_RoundedTriangle_3mm.uasset" 275
"../../../Engine/Plugins/Animation/ControlRig/Content/Controls/ControlRig_RoundedTriangle_3mm.uexp" 276
"../../../Engine/Plugins/Animation/ControlRig/Content/Controls/ControlRig_RoundedTriangle_1mm.uasset" 277
"../../../Engine/Plugins/Animation/ControlRig/Content/Controls/ControlRig_RoundedTriangle_1mm.uexp" 278
"../../../Engine/Plugins/Animation/ControlRig/Content/Controls/ControlRig_RoundedSquare_solid.uasset" 279
"../../../Engine/Plugins/Animation/ControlRig/Content/Controls/ControlRig_RoundedSquare_solid.uexp" 280
"../../../Engine/Plugins/Animation/ControlRig/Content/Controls/ControlRig_RoundedSquare_3mm.uasset" 281
"../../../Engine/Plugins/Animation/ControlRig/Content/Controls/ControlRig_RoundedSquare_3mm.uexp" 282
"../../../Engine/Plugins/Animation/ControlRig/Content/Controls/ControlRig_RoundedSquare_1mm.uasset" 283
"../../../Engine/Plugins/Animation/ControlRig/Content/Controls/ControlRig_RoundedSquare_1mm.uexp" 284
"../../../Engine/Plugins/Animation/ControlRig/Content/Controls/ControlRig_QuarterCircle_solid.uasset" 285
"../../../Engine/Plugins/Animation/ControlRig/Content/Controls/ControlRig_QuarterCircle_solid.uexp" 286
"../../../Engine/Plugins/Animation/ControlRig/Content/Controls/ControlRig_QuarterCircle_3mm.uasset" 287
"../../../Engine/Plugins/Animation/ControlRig/Content/Controls/ControlRig_QuarterCircle_3mm.uexp" 288
"../../../Engine/Plugins/Animation/ControlRig/Content/Controls/ControlRig_QuarterCircle_1mm.uasset" 289
"../../../Engine/Plugins/Animation/ControlRig/Content/Controls/ControlRig_QuarterCircle_1mm.uexp" 290
"../../../Engine/Plugins/Animation/ControlRig/Content/Controls/ControlRig_Pyramid_solid.uasset" 291
"../../../Engine/Plugins/Animation/ControlRig/Content/Controls/ControlRig_Pyramid_solid.uexp" 292
"../../../Engine/Plugins/Animation/ControlRig/Content/Controls/ControlRig_Pyramid_3mm.uasset" 293
"../../../Engine/Plugins/Animation/ControlRig/Content/Controls/ControlRig_Pyramid_3mm.uexp" 294
"../../../Engine/Plugins/Animation/ControlRig/Content/Controls/ControlRig_Pyramid_1mm.uasset" 295
"../../../Engine/Plugins/Animation/ControlRig/Content/Controls/ControlRig_Pyramid_1mm.uexp" 296
"../../../Engine/Plugins/Animation/ControlRig/Content/Controls/ControlRig_Octagon_solid.uasset" 297
"../../../Engine/Plugins/Animation/ControlRig/Content/Controls/ControlRig_Octagon_solid.uexp" 298
"../../../Engine/Plugins/Animation/ControlRig/Content/Controls/ControlRig_Octagon_3mm.uasset" 299
"../../../Engine/Plugins/Animation/ControlRig/Content/Controls/ControlRig_Octagon_3mm.uexp" 300
"../../../Engine/Plugins/Animation/ControlRig/Content/Controls/ControlRig_Octagon_1mm.uasset" 301
"../../../Engine/Plugins/Animation/ControlRig/Content/Controls/ControlRig_Octagon_1mm.uexp" 302
"../../../Engine/Plugins/Animation/ControlRig/Content/Controls/ControlRig_Hexagon_solid.uasset" 303
"../../../Engine/Plugins/Animation/ControlRig/Content/Controls/ControlRig_Hexagon_solid.uexp" 304
"../../../Engine/Plugins/Animation/ControlRig/Content/Controls/ControlRig_Hexagon_3mm.uasset" 305
"../../../Engine/Plugins/Animation/ControlRig/Content/Controls/ControlRig_Hexagon_3mm.uexp" 306
"../../../Engine/Plugins/Animation/ControlRig/Content/Controls/ControlRig_Hexagon_1mm.uasset" 307
"../../../Engine/Plugins/Animation/ControlRig/Content/Controls/ControlRig_Hexagon_1mm.uexp" 308
"../../../Engine/Plugins/Animation/ControlRig/Content/Controls/ControlRig_HalfCircle_solid.uasset" 309
"../../../Engine/Plugins/Animation/ControlRig/Content/Controls/ControlRig_HalfCircle_solid.uexp" 310
"../../../Engine/Plugins/Animation/ControlRig/Content/Controls/ControlRig_HalfCircle_3mm.uasset" 311
"../../../Engine/Plugins/Animation/ControlRig/Content/Controls/ControlRig_HalfCircle_3mm.uexp" 312
"../../../Engine/Plugins/Animation/ControlRig/Content/Controls/ControlRig_HalfCircle_1mm.uasset" 313
"../../../Engine/Plugins/Animation/ControlRig/Content/Controls/ControlRig_HalfCircle_1mm.uexp" 314
"../../../Engine/Plugins/Animation/ControlRig/Content/Controls/ControlRig_Diamond_solid.uasset" 315
"../../../Engine/Plugins/Animation/ControlRig/Content/Controls/ControlRig_Diamond_solid.uexp" 316
"../../../Engine/Plugins/Animation/ControlRig/Content/Controls/ControlRig_Diamond_3mm.uasset" 317
"../../../Engine/Plugins/Animation/ControlRig/Content/Controls/ControlRig_Diamond_3mm.uexp" 318
"../../../Engine/Plugins/Animation/ControlRig/Content/Controls/ControlRig_Diamond_1mm.uasset" 319
"../../../Engine/Plugins/Animation/ControlRig/Content/Controls/ControlRig_Diamond_1mm.uexp" 320
"../../../Engine/Plugins/Animation/ControlRig/Content/Controls/ControlRig_Circle_solid.uasset" 321
"../../../Engine/Plugins/Animation/ControlRig/Content/Controls/ControlRig_Circle_solid.uexp" 322
"../../../Engine/Plugins/Animation/ControlRig/Content/Controls/ControlRig_Circle_3mm.uasset" 323
"../../../Engine/Plugins/Animation/ControlRig/Content/Controls/ControlRig_Circle_3mm.uexp" 324
"../../../Engine/Plugins/Animation/ControlRig/Content/Controls/ControlRig_Circle_1mm.uasset" 325
"../../../Engine/Plugins/Animation/ControlRig/Content/Controls/ControlRig_Circle_1mm.uexp" 326
"../../../Engine/Plugins/Animation/ControlRig/Content/Controls/ControlRig_Box_solid.uasset" 327
"../../../Engine/Plugins/Animation/ControlRig/Content/Controls/ControlRig_Box_solid.uexp" 328
"../../../Engine/Plugins/Animation/ControlRig/Content/Controls/ControlRig_Box_3mm.uasset" 329
"../../../Engine/Plugins/Animation/ControlRig/Content/Controls/ControlRig_Box_3mm.uexp" 330
"../../../Engine/Plugins/Animation/ControlRig/Content/Controls/ControlRig_Box_1mm.uasset" 331
"../../../Engine/Plugins/Animation/ControlRig/Content/Controls/ControlRig_Box_1mm.uexp" 332
"../../../Engine/Plugins/Animation/ControlRig/Content/Controls/ControlRig_Arrow_solid.uasset" 333
"../../../Engine/Plugins/Animation/ControlRig/Content/Controls/ControlRig_Arrow_solid.uexp" 334
"../../../Engine/Plugins/Animation/ControlRig/Content/Controls/ControlRig_Arrow_3mm.uasset" 335
"../../../Engine/Plugins/Animation/ControlRig/Content/Controls/ControlRig_Arrow_3mm.uexp" 336
"../../../Engine/Plugins/Animation/ControlRig/Content/Controls/ControlRig_Arrow_1mm.uasset" 337
"../../../Engine/Plugins/Animation/ControlRig/Content/Controls/ControlRig_Arrow_1mm.uexp" 338
"../../../Engine/Plugins/Animation/ControlRig/Content/Controls/ControlRig_Arrow4_solid.uasset" 339
"../../../Engine/Plugins/Animation/ControlRig/Content/Controls/ControlRig_Arrow4_solid.uexp" 340
"../../../Engine/Plugins/Animation/ControlRig/Content/Controls/ControlRig_Arrow4_3mm.uasset" 341
"../../../Engine/Plugins/Animation/ControlRig/Content/Controls/ControlRig_Arrow4_3mm.uexp" 342
"../../../Engine/Plugins/Animation/ControlRig/Content/Controls/ControlRig_Arrow4_1mm.uasset" 343
"../../../Engine/Plugins/Animation/ControlRig/Content/Controls/ControlRig_Arrow4_1mm.uexp" 344
"../../../Engine/Plugins/Animation/ControlRig/Content/Controls/ControlRig_Arrow2_solid.uasset" 345
"../../../Engine/Plugins/Animation/ControlRig/Content/Controls/ControlRig_Arrow2_solid.uexp" 346
"../../../Engine/Plugins/Animation/ControlRig/Content/Controls/ControlRig_Arrow2_3mm.uasset" 347
"../../../Engine/Plugins/Animation/ControlRig/Content/Controls/ControlRig_Arrow2_3mm.uexp" 348
"../../../Engine/Plugins/Animation/ControlRig/Content/Controls/ControlRig_Arrow2_1mm.uasset" 349
"../../../Engine/Plugins/Animation/ControlRig/Content/Controls/ControlRig_Arrow2_1mm.uexp" 350
"../../../Engine/Plugins/Animation/ControlRig/Content/Controls/ControlRigXRayMaterial.uasset" 351
"../../../Engine/Plugins/Animation/ControlRig/Content/Controls/ControlRigXRayMaterial.uexp" 352
"../../../Engine/Plugins/Animation/ControlRig/Content/Controls/ControlRigGizmoMaterial.uasset" 353
"../../../Engine/Plugins/Animation/ControlRig/Content/Controls/ControlRigGizmoMaterial.uexp" 354
"../../../Engine/Plugins/Animation/ACLPlugin/Content/ACLAnimCurveCompressionSettings.uasset" 355
"../../../Engine/Plugins/Animation/ACLPlugin/Content/ACLAnimCurveCompressionSettings.uexp" 356
"../../../Engine/Plugins/Animation/ACLPlugin/Content/ACLAnimBoneCompressionSettings.uasset" 357
"../../../Engine/Plugins/Animation/ACLPlugin/Content/ACLAnimBoneCompressionSettings.uexp" 358
"../../../Engine/Plugins/2D/Paper2D/Content/PlaceholderTextures/DummySpriteTexture.ubulk" 359
"../../../Engine/Plugins/2D/Paper2D/Content/PlaceholderTextures/DummySpriteTexture.uasset" 360
"../../../Engine/Plugins/2D/Paper2D/Content/PlaceholderTextures/DummySpriteTexture.uexp" 361
"../../../Engine/Plugins/2D/Paper2D/Content/DefaultSpriteMaterial.uasset" 362
"../../../Engine/Plugins/2D/Paper2D/Content/DefaultSpriteMaterial.uexp" 363
"../../../Engine/Plugins/2D/Paper2D/Content/OpaqueUnlitSpriteMaterial.uasset" 364
"../../../Engine/Plugins/2D/Paper2D/Content/OpaqueUnlitSpriteMaterial.uexp" 365
"../../../Engine/Plugins/2D/Paper2D/Content/MaskedUnlitSpriteMaterial.uasset" 366
"../../../Engine/Plugins/2D/Paper2D/Content/MaskedUnlitSpriteMaterial.uexp" 367
"../../../Engine/Plugins/2D/Paper2D/Content/DummySprite.uasset" 368
"../../../Engine/Plugins/2D/Paper2D/Content/DummySprite.uexp" 369
"../../../Engine/Plugins/2D/Paper2D/Content/DefaultPaperTerrainMaterial.uasset" 370
"../../../Engine/Plugins/2D/Paper2D/Content/DefaultPaperTerrainMaterial.uexp" 371
"../../../Engine/Content/VREditor/TransformGizmo/StartRotationHandleIndicator.uasset" 372
"../../../Engine/Content/VREditor/TransformGizmo/StartRotationHandleIndicator.uexp" 373
"../../../Engine/Content/VREditor/Sounds/UI/Drop_Item_From_ContentBrowser.ubulk" 374
"../../../Engine/Content/VREditor/Sounds/UI/Drop_Item_From_ContentBrowser.uasset" 375
"../../../Engine/Content/VREditor/Sounds/UI/Drop_Item_From_ContentBrowser.uexp" 376
"../../../Engine/Content/VREditor/TransformGizmo/PlaneTranslationHandle.uasset" 377
"../../../Engine/Content/VREditor/TransformGizmo/PlaneTranslationHandle.uexp" 378
"../../../Engine/Content/VREditor/Sounds/UI/Object_Snaps_To_Grid.ubulk" 379
"../../../Engine/Content/VREditor/Sounds/UI/Object_Snaps_To_Grid.uasset" 380
"../../../Engine/Content/VREditor/Sounds/UI/Object_Snaps_To_Grid.uexp" 381
"../../../Engine/Content/VREditor/Sounds/UI/Selection_Changes.ubulk" 382
"../../../Engine/Content/VREditor/Sounds/UI/Selection_Changes.uasset" 383
"../../../Engine/Content/VREditor/Sounds/UI/Selection_Changes.uexp" 384
"../../../Engine/Content/VREditor/Sounds/UI/Object_Snaps_To_Another_Actor.ubulk" 385
"../../../Engine/Content/VREditor/Sounds/UI/Object_Snaps_To_Another_Actor.uasset" 386
"../../../Engine/Content/VREditor/Sounds/UI/Object_Snaps_To_Another_Actor.uexp" 387
"../../../Engine/Content/VREditor/TransformGizmo/TranslucentTransformGizmoMaterial_Inst.uasset" 388
"../../../Engine/Content/VREditor/TransformGizmo/TranslucentTransformGizmoMaterial_Inst.uexp" 389
"../../../Engine/Content/VREditor/TransformGizmo/TransformGizmoFreeRotation.uasset" 390
"../../../Engine/Content/VREditor/TransformGizmo/TransformGizmoFreeRotation.uexp" 391
"../../../Engine/Content/VREditor/Sounds/UI/Scaling_Down.ubulk" 392
"../../../Engine/Content/VREditor/Sounds/UI/Scaling_Down.uasset" 393
"../../../Engine/Content/VREditor/Sounds/UI/Scaling_Down.uexp" 394
"../../../Engine/Content/Functions/Engine_MaterialFunctions02/Math/Transform3x3Matrix.uasset" 395
"../../../Engine/Content/Functions/Engine_MaterialFunctions02/Math/Transform3x3Matrix.uexp" 396
"../../../Engine/Content/Functions/Engine_MaterialFunctions02/SplitComponents.uasset" 397
"../../../Engine/Content/Functions/Engine_MaterialFunctions02/SplitComponents.uexp" 398
"../../../Engine/Content/Functions/Engine_MaterialFunctions02/Utility/MakeFloat3.uasset" 399
"../../../Engine/Content/Functions/Engine_MaterialFunctions02/Utility/MakeFloat3.uexp" 400
"../../../Engine/Content/VREditor/SnapGrid/SnapGridMaterial.uasset" 401
"../../../Engine/Content/VREditor/SnapGrid/SnapGridMaterial.uexp" 402
"../../../Engine/Content/VREditor/SnapGrid/SnapGridPlaneMesh.uasset" 403
"../../../Engine/Content/VREditor/SnapGrid/SnapGridPlaneMesh.uexp" 404
"../../../Engine/Content/VREditor/Sounds/UI/Scaling_Up.ubulk" 405
"../../../Engine/Content/VREditor/Sounds/UI/Scaling_Up.uasset" 406
"../../../Engine/Content/VREditor/Sounds/UI/Scaling_Up.uexp" 407
"../../../Engine/Content/VREditor/TransformGizmo/TransformGizmoMaterial_Inst.uasset" 408
"../../../Engine/Content/VREditor/TransformGizmo/TransformGizmoMaterial_Inst.uexp" 409
"../../../Engine/Content/VREditor/Sounds/UI/Gizmo_Handle_Clicked.ubulk" 410
"../../../Engine/Content/VREditor/Sounds/UI/Gizmo_Handle_Clicked.uasset" 411
"../../../Engine/Content/VREditor/Sounds/UI/Gizmo_Handle_Clicked.uexp" 412
"../../../Engine/Content/VREditor/TransformGizmo/RotationHandleQuarter.uasset" 413
"../../../Engine/Content/VREditor/TransformGizmo/RotationHandleQuarter.uexp" 414
"../../../Engine/Content/VREditor/TransformGizmo/TranslateArrowHandle.uasset" 415
"../../../Engine/Content/VREditor/TransformGizmo/TranslateArrowHandle.uexp" 416
"../../../Engine/Content/VREditor/TransformGizmo/RotationHandleIndicator.uasset" 417
"../../../Engine/Content/VREditor/TransformGizmo/RotationHandleIndicator.uexp" 418
"../../../Engine/Content/VREditor/TransformGizmo/UniformScaleHandle.uasset" 419
"../../../Engine/Content/VREditor/TransformGizmo/UniformScaleHandle.uexp" 420
"../../../Engine/Content/VREditor/TransformGizmo/RotationHandleFull.uasset" 421
"../../../Engine/Content/VREditor/TransformGizmo/RotationHandleFull.uexp" 422
"../../../Engine/Content/VREditor/Sounds/UI/Object_PickUp.ubulk" 423
"../../../Engine/Content/VREditor/Sounds/UI/Object_PickUp.uasset" 424
"../../../Engine/Content/VREditor/Sounds/UI/Object_PickUp.uexp" 425
"../../../Engine/Content/EngineSounds/Master.uasset" 426
"../../../Engine/Content/EngineSounds/Master.uexp" 427
"../../../Engine/Content/EngineResources/WhiteSquareTexture.uasset" 428
"../../../Engine/Content/EngineResources/WhiteSquareTexture.uexp" 429
"../../../Engine/Content/EngineMaterials/Widget3DPassThrough.uasset" 430
"../../../Engine/Content/EngineMaterials/Widget3DPassThrough.uexp" 431
"../../../Engine/Content/EngineMaterials/Widget3DPassThrough_Translucent.uasset" 432
"../../../Engine/Content/EngineMaterials/Widget3DPassThrough_Translucent.uexp" 433
"../../../Engine/Content/EngineMaterials/Widget3DPassThrough_Translucent_OneSided.uasset" 434
"../../../Engine/Content/EngineMaterials/Widget3DPassThrough_Translucent_OneSided.uexp" 435
"../../../Engine/Content/EngineMaterials/Widget3DPassThrough_Opaque.uasset" 436
"../../../Engine/Content/EngineMaterials/Widget3DPassThrough_Opaque.uexp" 437
"../../../Engine/Content/EngineMaterials/Widget3DPassThrough_Opaque_OneSided.uasset" 438
"../../../Engine/Content/EngineMaterials/Widget3DPassThrough_Opaque_OneSided.uexp" 439
"../../../Engine/Content/EngineMaterials/Widget3DPassThrough_Masked_OneSided.uasset" 440
"../../../Engine/Content/EngineMaterials/Widget3DPassThrough_Masked_OneSided.uexp" 441
"../../../Engine/Content/EngineMaterials/Widget3DPassThrough_Masked.uasset" 442
"../../../Engine/Content/EngineMaterials/Widget3DPassThrough_Masked.uexp" 443
"../../../Engine/Content/EngineMaterials/STBlueNoise_vec2_128x128x64.uasset" 444
"../../../Engine/Content/EngineMaterials/STBlueNoise_vec2_128x128x64.uexp" 445
"../../../Engine/Content/EngineMaterials/STBlueNoise_scalar_128x128x64.uasset" 446
"../../../Engine/Content/EngineMaterials/STBlueNoise_scalar_128x128x64.uexp" 447
"../../../Engine/Content/EngineMaterials/RemoveSurfaceMaterial.uasset" 448
"../../../Engine/Content/EngineMaterials/RemoveSurfaceMaterial.uexp" 449
"../../../Engine/Content/EngineMaterials/DefaultCalibrationGrayscale.uasset" 450
"../../../Engine/Content/EngineMaterials/DefaultCalibrationGrayscale.uexp" 451
"../../../Engine/Content/EngineMaterials/PPM_DefaultCalibrationGrayscale.uasset" 452
"../../../Engine/Content/EngineMaterials/PPM_DefaultCalibrationGrayscale.uexp" 453
"../../../Engine/Content/EngineMaterials/DefaultCalibrationColor.uasset" 454
"../../../Engine/Content/EngineMaterials/DefaultCalibrationColor.uexp" 455
"../../../Engine/Content/EngineMaterials/PPM_DefaultCalibrationColor.uasset" 456
"../../../Engine/Content/EngineMaterials/PPM_DefaultCalibrationColor.uexp" 457
"../../../Engine/Content/EngineMaterials/PhAT_JointLimitMaterial.uasset" 458
"../../../Engine/Content/EngineMaterials/PhAT_JointLimitMaterial.uexp" 459
"../../../Engine/Content/EngineMaterials/NaniteHiddenSectionMaterial.uasset" 460
"../../../Engine/Content/EngineMaterials/NaniteHiddenSectionMaterial.uexp" 461
"../../../Engine/Content/EngineMaterials/InvalidLightmapSettings.ubulk" 462
"../../../Engine/Content/EngineMaterials/InvalidLightmapSettings.uasset" 463
"../../../Engine/Content/EngineMaterials/InvalidLightmapSettings.uexp" 464
"../../../Engine/Content/EngineMaterials/M_InvalidLightmapSettings.uasset" 465
"../../../Engine/Content/EngineMaterials/M_InvalidLightmapSettings.uexp" 466
"../../../Engine/Content/EngineMaterials/GizmoMaterial.uasset" 467
"../../../Engine/Content/EngineMaterials/GizmoMaterial.uexp" 468
"../../../Engine/Content/EngineMaterials/BaseFlattenEmissiveMap_VT.uasset" 469
"../../../Engine/Content/EngineMaterials/BaseFlattenEmissiveMap_VT.uexp" 470
"../../../Engine/Content/EngineMaterials/BaseFlattenGrayscaleMap_VT.uasset" 471
"../../../Engine/Content/EngineMaterials/BaseFlattenGrayscaleMap_VT.uexp" 472
"../../../Engine/Content/EngineMaterials/BaseFlattenLinearColor_VT.uasset" 473
"../../../Engine/Content/EngineMaterials/BaseFlattenLinearColor_VT.uexp" 474
"../../../Engine/Content/EngineMaterials/Black_1x1_EXR_Texture_VT.uasset" 475
"../../../Engine/Content/EngineMaterials/Black_1x1_EXR_Texture_VT.uexp" 476
"../../../Engine/Content/EngineMaterials/BaseFlattenDiffuseMap_VT.uasset" 477
"../../../Engine/Content/EngineMaterials/BaseFlattenDiffuseMap_VT.uexp" 478
"../../../Engine/Content/EngineMaterials/BaseFlattenNormalMap_VT.uasset" 479
"../../../Engine/Content/EngineMaterials/BaseFlattenNormalMap_VT.uexp" 480
"../../../Engine/Content/EngineMaterials/FlattenMaterial_WS_Normal_VT.uasset" 481
"../../../Engine/Content/EngineMaterials/FlattenMaterial_WS_Normal_VT.uexp" 482
"../../../Engine/Content/EngineMaterials/FlattenMaterial_VT.uasset" 483
"../../../Engine/Content/EngineMaterials/FlattenMaterial_VT.uexp" 484
"../../../Engine/Content/EngineMaterials/BaseFlattenGrayscaleMap.uasset" 485
"../../../Engine/Content/EngineMaterials/BaseFlattenGrayscaleMap.uexp" 486
"../../../Engine/Content/EngineMaterials/BaseFlattenDiffuseMap.uasset" 487
"../../../Engine/Content/EngineMaterials/BaseFlattenDiffuseMap.uexp" 488
"../../../Engine/Content/Functions/Engine_MaterialFunctions02/PivotPainter2/Black_1x1_EXR_Texture.uasset" 489
"../../../Engine/Content/Functions/Engine_MaterialFunctions02/PivotPainter2/Black_1x1_EXR_Texture.uexp" 490
"../../../Engine/Content/EngineMaterials/BaseFlattenEmissiveMap.uasset" 491
"../../../Engine/Content/EngineMaterials/BaseFlattenEmissiveMap.uexp" 492
"../../../Engine/Content/EngineMaterials/BaseFlattenLinearColor.uasset" 493
"../../../Engine/Content/EngineMaterials/BaseFlattenLinearColor.uexp" 494
"../../../Engine/Content/EngineMaterials/FlattenMaterial.uasset" 495
"../../../Engine/Content/EngineMaterials/FlattenMaterial.uexp" 496
"../../../Engine/Content/EngineMaterials/DefaultWhiteGrid_Low.uasset" 497
"../../../Engine/Content/EngineMaterials/DefaultWhiteGrid_Low.uexp" 498
"../../../Engine/Content/EngineMaterials/EmissiveMeshMaterial.uasset" 499
"../../../Engine/Content/EngineMaterials/EmissiveMeshMaterial.uexp" 500
"../../../Engine/Content/EngineFonts/RobotoDistanceField.uasset" 501
"../../../Engine/Content/EngineFonts/RobotoDistanceField.uexp" 502
"../../../Engine/Content/EngineMaterials/DefaultTextMaterialOpaque.uasset" 503
"../../../Engine/Content/EngineMaterials/DefaultTextMaterialOpaque.uexp" 504
"../../../Engine/Content/EngineMaterials/DefaultDiffuse.ubulk" 505
"../../../Engine/Content/EngineMaterials/DefaultDiffuse.uasset" 506
"../../../Engine/Content/EngineMaterials/DefaultDiffuse.uexp" 507
"../../../Engine/Content/Functions/Engine_MaterialFunctions02/Utility/BreakOutFloat2Components.uasset" 508
"../../../Engine/Content/Functions/Engine_MaterialFunctions02/Utility/BreakOutFloat2Components.uexp" 509
"../../../Engine/Content/EngineMaterials/DefaultPostProcessMaterial.uasset" 510
"../../../Engine/Content/EngineMaterials/DefaultPostProcessMaterial.uexp" 511
"../../../Engine/Content/EngineMaterials/DefaultPhysicalMaterial.uasset" 512
"../../../Engine/Content/EngineMaterials/DefaultPhysicalMaterial.uexp" 513
"../../../Engine/Content/EngineMaterials/DefaultLightFunctionMaterial.uasset" 514
"../../../Engine/Content/EngineMaterials/DefaultLightFunctionMaterial.uexp" 515
"../../../Engine/Content/EngineMaterials/DefaultDestructiblePhysicalMaterial.uasset" 516
"../../../Engine/Content/EngineMaterials/DefaultDestructiblePhysicalMaterial.uexp" 517
"../../../Engine/Content/EngineMaterials/DefaultDeferredDecalMaterial.uasset" 518
"../../../Engine/Content/EngineMaterials/DefaultDeferredDecalMaterial.uexp" 519
"../../../Engine/Content/EngineMaterials/DefaultBloomKernel.uasset" 520
"../../../Engine/Content/EngineMaterials/DefaultBloomKernel.uexp" 521
"../../../Engine/Content/EngineFonts/Faces/RobotoLight.uexp" 522
"../../../Engine/Content/EngineFonts/Faces/RobotoLight.uasset" 523
"../../../Engine/Content/EngineFonts/Faces/RobotoLight.ufont" 524
"../../../Engine/Content/EngineFonts/Faces/RobotoBold.uexp" 525
"../../../Engine/Content/EngineFonts/Faces/RobotoBold.uasset" 526
"../../../Engine/Content/EngineFonts/Faces/RobotoBold.ufont" 527
"../../../Engine/Content/EngineFonts/Faces/RobotoRegular.uexp" 528
"../../../Engine/Content/EngineFonts/Faces/RobotoRegular.uasset" 529
"../../../Engine/Content/EngineFonts/Faces/RobotoRegular.ufont" 530
"../../../Engine/Content/EngineFonts/Faces/DroidSansFallback.uexp" 531
"../../../Engine/Content/EngineFonts/Faces/DroidSansFallback.uasset" 532
"../../../Engine/Content/EngineFonts/Faces/DroidSansFallback.ufont" 533
"../../../Engine/Content/EngineFonts/Faces/RobotoItalic.uexp" 534
"../../../Engine/Content/EngineFonts/Faces/RobotoItalic.uasset" 535
"../../../Engine/Content/EngineFonts/Faces/RobotoItalic.ufont" 536
"../../../Engine/Content/EngineFonts/Faces/RobotoBoldItalic.uexp" 537
"../../../Engine/Content/EngineFonts/Faces/RobotoBoldItalic.uasset" 538
"../../../Engine/Content/EngineFonts/Faces/RobotoBoldItalic.ufont" 539
"../../../Engine/Content/EngineFonts/Roboto.uasset" 540
"../../../Engine/Content/EngineFonts/Roboto.uexp" 541
"../../../Engine/Content/EngineDebugMaterials/VolumeToRender.uasset" 542
"../../../Engine/Content/EngineDebugMaterials/VolumeToRender.uexp" 543
"../../../Engine/Content/EngineDebugMaterials/M_VolumeRenderSphereTracePP.uasset" 544
"../../../Engine/Content/EngineDebugMaterials/M_VolumeRenderSphereTracePP.uexp" 545
"../../../Engine/Content/EngineDebugMaterials/M_SimpleUnlitTranslucent.uasset" 546
"../../../Engine/Content/EngineDebugMaterials/M_SimpleUnlitTranslucent.uexp" 547
"../../../Engine/Content/EngineDebugMaterials/DebugMeshMaterial.uasset" 548
"../../../Engine/Content/EngineDebugMaterials/DebugMeshMaterial.uexp" 549
"../../../Engine/Content/EngineDebugMaterials/DebugEditorMaterial.uasset" 550
"../../../Engine/Content/EngineDebugMaterials/DebugEditorMaterial.uexp" 551
"../../../Engine/Content/EngineDamageTypes/DmgTypeBP_Environmental.uasset" 552
"../../../Engine/Content/EngineDamageTypes/DmgTypeBP_Environmental.uexp" 553
"../../../Engine/Content/EditorResources/S_Terrain.ubulk" 554
"../../../Engine/Content/EditorResources/S_Terrain.uasset" 555
"../../../Engine/Content/EditorResources/S_Terrain.uexp" 556
"../../../Engine/Content/EditorResources/EmptyActor.uasset" 557
"../../../Engine/Content/EditorResources/EmptyActor.uexp" 558
"../../../Engine/Content/EditorResources/BSPVertex.uasset" 559
"../../../Engine/Content/EditorResources/BSPVertex.uexp" 560
"../../../Engine/Content/EditorMaterials/PreviewShadowIndicator.ubulk" 561
"../../../Engine/Content/EditorMaterials/PreviewShadowIndicator.uasset" 562
"../../../Engine/Content/EditorMaterials/PreviewShadowIndicator.uexp" 563
"../../../Engine/Content/EditorMaterials/PreviewShadowIndicatorMaterial.uasset" 564
"../../../Engine/Content/EditorMaterials/PreviewShadowIndicatorMaterial.uexp" 565
"../../../Engine/Content/EditorMaterials/PhAT_UnselectedMaterial.uasset" 566
"../../../Engine/Content/EditorMaterials/PhAT_UnselectedMaterial.uexp" 567
"../../../Engine/Content/EditorMaterials/PhAT_NoCollisionMaterial.uasset" 568
"../../../Engine/Content/EditorMaterials/PhAT_NoCollisionMaterial.uexp" 569
"../../../Engine/Content/EditorLandscapeResources/DefaultAlphaTexture.uasset" 570
"../../../Engine/Content/EditorLandscapeResources/DefaultAlphaTexture.uexp" 571
"../../../Engine/Content/EditorLandscapeResources/DataLayer.uasset" 572
"../../../Engine/Content/EditorLandscapeResources/DataLayer.uexp" 573
"../../../Engine/Content/BasicShapes/Plane.uasset" 574
"../../../Engine/Content/BasicShapes/Plane.uexp" 575
"../../../Engine/Content/BasicShapes/Cube.uasset" 576
"../../../Engine/Content/BasicShapes/Cube.uexp" 577
"../../../Engine/Content/EngineMaterials/DefaultMaterial.uasset" 578
"../../../Engine/Content/EngineMaterials/DefaultMaterial.uexp" 579
"../../../Engine/Content/BasicShapes/Cone.uasset" 580
"../../../Engine/Content/BasicShapes/Cone.uexp" 581
"../../../Engine/Content/Animation/DefaultVariableFrameStrippingSettings.uasset" 582
"../../../Engine/Content/Animation/DefaultVariableFrameStrippingSettings.uexp" 583
"C:/Users/demo/Documents/Unreal Projects/MyProject5/Content/VRTemplate/Materials/M_LeftEyeGreen_RightEyeRed.uasset" 584
"C:/Users/demo/Documents/Unreal Projects/MyProject5/Content/VRTemplate/Materials/M_LeftEyeGreen_RightEyeRed.uexp" 585
"C:/Users/demo/Documents/Unreal Projects/MyProject5/Content/VRTemplate/Input/Actions/Hands/IA_Hand_Point_Left.uasset" 586
"C:/Users/demo/Documents/Unreal Projects/MyProject5/Content/VRTemplate/Input/Actions/Hands/IA_Hand_Point_Left.uexp" 587
"C:/Users/demo/Documents/Unreal Projects/MyProject5/Content/VRTemplate/Input/Actions/Hands/IA_Hand_ThumbUp_Left.uasset" 588
"C:/Users/demo/Documents/Unreal Projects/MyProject5/Content/VRTemplate/Input/Actions/Hands/IA_Hand_ThumbUp_Left.uexp" 589
"C:/Users/demo/Documents/Unreal Projects/MyProject5/Content/VRTemplate/Input/Actions/Hands/IA_Hand_IndexCurl_Right.uasset" 590
"C:/Users/demo/Documents/Unreal Projects/MyProject5/Content/VRTemplate/Input/Actions/Hands/IA_Hand_IndexCurl_Right.uexp" 591
"C:/Users/demo/Documents/Unreal Projects/MyProject5/Content/VRTemplate/Input/Actions/Hands/IA_Hand_Point_Right.uasset" 592
"C:/Users/demo/Documents/Unreal Projects/MyProject5/Content/VRTemplate/Input/Actions/Hands/IA_Hand_Point_Right.uexp" 593
"C:/Users/demo/Documents/Unreal Projects/MyProject5/Content/VRTemplate/Input/Actions/Hands/IA_Hand_Grasp_Right.uasset" 594
"C:/Users/demo/Documents/Unreal Projects/MyProject5/Content/VRTemplate/Input/Actions/Hands/IA_Hand_Grasp_Right.uexp" 595
"C:/Users/demo/Documents/Unreal Projects/MyProject5/Content/VRTemplate/Input/Actions/Hands/IA_Hand_Grasp_Left.uasset" 596
"C:/Users/demo/Documents/Unreal Projects/MyProject5/Content/VRTemplate/Input/Actions/Hands/IA_Hand_Grasp_Left.uexp" 597
"C:/Users/demo/Documents/Unreal Projects/MyProject5/Content/VRTemplate/Input/Actions/Hands/IA_Hand_IndexCurl_Left.uasset" 598
"C:/Users/demo/Documents/Unreal Projects/MyProject5/Content/VRTemplate/Input/Actions/Hands/IA_Hand_IndexCurl_Left.uexp" 599
"C:/Users/demo/Documents/Unreal Projects/MyProject5/Content/VRTemplate/Input/Actions/Hands/IA_Hand_ThumbUp_Right.uasset" 600
"C:/Users/demo/Documents/Unreal Projects/MyProject5/Content/VRTemplate/Input/Actions/Hands/IA_Hand_ThumbUp_Right.uexp" 601
"C:/Users/demo/Documents/Unreal Projects/MyProject5/Content/VRTemplate/Input/IMC_Hands.uasset" 602
"C:/Users/demo/Documents/Unreal Projects/MyProject5/Content/VRTemplate/Input/IMC_Hands.uexp" 603
"C:/Users/demo/Documents/Unreal Projects/MyProject5/Content/VRTemplate/Input/Actions/IA_Menu_Toggle_Left.uasset" 604
"C:/Users/demo/Documents/Unreal Projects/MyProject5/Content/VRTemplate/Input/Actions/IA_Menu_Toggle_Left.uexp" 605
"C:/Users/demo/Documents/Unreal Projects/MyProject5/Content/VRTemplate/Input/B_InputModifier_XAxisPositiveOnly.uasset" 606
"C:/Users/demo/Documents/Unreal Projects/MyProject5/Content/VRTemplate/Input/B_InputModifier_XAxisPositiveOnly.uexp" 607
"C:/Users/demo/Documents/Unreal Projects/MyProject5/Content/VRTemplate/Input/Actions/IA_Move.uasset" 608
"C:/Users/demo/Documents/Unreal Projects/MyProject5/Content/VRTemplate/Input/Actions/IA_Move.uexp" 609
"C:/Users/demo/Documents/Unreal Projects/MyProject5/Content/VRTemplate/Input/Actions/IA_Turn.uasset" 610
"C:/Users/demo/Documents/Unreal Projects/MyProject5/Content/VRTemplate/Input/Actions/IA_Turn.uexp" 611
"C:/Users/demo/Documents/Unreal Projects/MyProject5/Content/VRTemplate/Input/Actions/IA_Menu_Toggle_Right.uasset" 612
"C:/Users/demo/Documents/Unreal Projects/MyProject5/Content/VRTemplate/Input/Actions/IA_Menu_Toggle_Right.uexp" 613
"C:/Users/demo/Documents/Unreal Projects/MyProject5/Content/VRTemplate/Input/Actions/IA_Grab_Left.uasset" 614
"C:/Users/demo/Documents/Unreal Projects/MyProject5/Content/VRTemplate/Input/Actions/IA_Grab_Left.uexp" 615
"C:/Users/demo/Documents/Unreal Projects/MyProject5/Content/VRTemplate/Input/Actions/IA_Grab_Right.uasset" 616
"C:/Users/demo/Documents/Unreal Projects/MyProject5/Content/VRTemplate/Input/Actions/IA_Grab_Right.uexp" 617
"C:/Users/demo/Documents/Unreal Projects/MyProject5/Content/VRTemplate/Input/IMC_Default.uasset" 618
"C:/Users/demo/Documents/Unreal Projects/MyProject5/Content/VRTemplate/Input/IMC_Default.uexp" 619
"C:/Users/demo/Documents/Unreal Projects/MyProject5/Content/VRTemplate/Input/Actions/IA_Shoot_Left.uasset" 620
"C:/Users/demo/Documents/Unreal Projects/MyProject5/Content/VRTemplate/Input/Actions/IA_Shoot_Left.uexp" 621
"C:/Users/demo/Documents/Unreal Projects/MyProject5/Content/VRTemplate/Input/IMC_Weapon_Left.uasset" 622
"C:/Users/demo/Documents/Unreal Projects/MyProject5/Content/VRTemplate/Input/IMC_Weapon_Left.uexp" 623
"C:/Users/demo/Documents/Unreal Projects/MyProject5/Content/VRTemplate/Input/Actions/IA_Shoot_Right.uasset" 624
"C:/Users/demo/Documents/Unreal Projects/MyProject5/Content/VRTemplate/Input/Actions/IA_Shoot_Right.uexp" 625
"C:/Users/demo/Documents/Unreal Projects/MyProject5/Content/VRTemplate/Input/IMC_Weapon_Right.uasset" 626
"C:/Users/demo/Documents/Unreal Projects/MyProject5/Content/VRTemplate/Input/IMC_Weapon_Right.uexp" 627
"C:/Users/demo/Documents/Unreal Projects/MyProject5/Content/VRTemplate/Input/Actions/IA_Menu_Cursor_Left.uasset" 628
"C:/Users/demo/Documents/Unreal Projects/MyProject5/Content/VRTemplate/Input/Actions/IA_Menu_Cursor_Left.uexp" 629
"C:/Users/demo/Documents/Unreal Projects/MyProject5/Content/VRTemplate/Input/Actions/IA_Menu_Cursor_Right.uasset" 630
"C:/Users/demo/Documents/Unreal Projects/MyProject5/Content/VRTemplate/Input/Actions/IA_Menu_Cursor_Right.uexp" 631
"C:/Users/demo/Documents/Unreal Projects/MyProject5/Content/VRTemplate/Input/Actions/IA_Menu_Interact_Right.uasset" 632
"C:/Users/demo/Documents/Unreal Projects/MyProject5/Content/VRTemplate/Input/Actions/IA_Menu_Interact_Right.uexp" 633
"C:/Users/demo/Documents/Unreal Projects/MyProject5/Content/VRTemplate/Input/Actions/IA_Menu_Interact_Left.uasset" 634
"C:/Users/demo/Documents/Unreal Projects/MyProject5/Content/VRTemplate/Input/Actions/IA_Menu_Interact_Left.uexp" 635
"C:/Users/demo/Documents/Unreal Projects/MyProject5/Content/VRTemplate/Input/IMC_Menu.uasset" 636
"C:/Users/demo/Documents/Unreal Projects/MyProject5/Content/VRTemplate/Input/IMC_Menu.uexp" 637
"C:/Users/demo/Documents/Unreal Projects/MyProject5/Content/VRTemplate/Input/PMI_VRTemplate.uasset" 638
"C:/Users/demo/Documents/Unreal Projects/MyProject5/Content/VRTemplate/Input/PMI_VRTemplate.uexp" 639
"../../../Engine/Content/Functions/Engine_MaterialFunctions02/Math/AddComponents.uasset" 640
"../../../Engine/Content/Functions/Engine_MaterialFunctions02/Math/AddComponents.uexp" 641
"../../../Engine/Content/Functions/Engine_MaterialFunctions01/Texturing/FlattenNormal.uasset" 642
"../../../Engine/Content/Functions/Engine_MaterialFunctions01/Texturing/FlattenNormal.uexp" 643
"../../../Engine/Content/EngineSky/VolumetricClouds/CloudWeatherTexture.uasset" 644
"../../../Engine/Content/EngineSky/VolumetricClouds/CloudWeatherTexture.uexp" 645
"../../../Engine/Content/Functions/Engine_MaterialFunctions02/Utility/MakeFloat2.uasset" 646
"../../../Engine/Content/Functions/Engine_MaterialFunctions02/Utility/MakeFloat2.uexp" 647
"../../../Engine/Content/EngineSky/VolumetricClouds/CloudGradientTexture.uasset" 648
"../../../Engine/Content/EngineSky/VolumetricClouds/CloudGradientTexture.uexp" 649
"../../../Engine/Content/EngineSky/VolumetricClouds/T_NoiseShape64.ubulk" 650
"../../../Engine/Content/EngineSky/VolumetricClouds/T_NoiseShape64.uasset" 651
"../../../Engine/Content/EngineSky/VolumetricClouds/T_NoiseShape64.uexp" 652
"../../../Engine/Content/EngineSky/VolumetricClouds/T_VolumeNoiseShape64.uasset" 653
"../../../Engine/Content/EngineSky/VolumetricClouds/T_VolumeNoiseShape64.uexp" 654
"../../../Engine/Content/EngineSky/VolumetricClouds/T_NoiseErosion.ubulk" 655
"../../../Engine/Content/EngineSky/VolumetricClouds/T_NoiseErosion.uasset" 656
"../../../Engine/Content/EngineSky/VolumetricClouds/T_NoiseErosion.uexp" 657
"../../../Engine/Content/EngineSky/VolumetricClouds/T_VolumeNoiseErosion32.uasset" 658
"../../../Engine/Content/EngineSky/VolumetricClouds/T_VolumeNoiseErosion32.uexp" 659
"../../../Engine/Content/EngineSky/VolumetricClouds/m_SimpleVolumetricCloud.uasset" 660
"../../../Engine/Content/EngineSky/VolumetricClouds/m_SimpleVolumetricCloud.uexp" 661
"../../../Engine/Content/EngineSky/VolumetricClouds/m_SimpleVolumetricCloud_Inst.uasset" 662
"../../../Engine/Content/EngineSky/VolumetricClouds/m_SimpleVolumetricCloud_Inst.uexp" 663
"../../../Engine/Content/EngineResources/FilmGrains/Marcie_Grain_v3_128_M2_000.uasset" 664
"../../../Engine/Content/EngineResources/FilmGrains/Marcie_Grain_v3_128_M2_000.uexp" 665
"../../../Engine/Content/EditorResources/SequenceRecorder/RecordingIndicator.uasset" 666
"../../../Engine/Content/EditorResources/SequenceRecorder/RecordingIndicator.uexp" 667
"../../../Engine/Content/EditorResources/SequenceRecorder/Countdown.uasset" 668
"../../../Engine/Content/EditorResources/SequenceRecorder/Countdown.uexp" 669
"../../../Engine/Content/EditorMaterials/Dataflow/DataflowVertexMaterial.uasset" 670
"../../../Engine/Content/EditorMaterials/Dataflow/DataflowVertexMaterial.uexp" 671
"../../../Engine/Content/Functions/Engine_MaterialFunctions01/Shading/PowerToRoughness.uasset" 672
"../../../Engine/Content/Functions/Engine_MaterialFunctions01/Shading/PowerToRoughness.uexp" 673
"../../../Engine/Content/Functions/Engine_MaterialFunctions01/Shading/ConvertFromDiffSpec.uasset" 674
"../../../Engine/Content/Functions/Engine_MaterialFunctions01/Shading/ConvertFromDiffSpec.uexp" 675
"../../../Engine/Content/EngineMaterials/Substrate/Volume/SubstrateSimpleVolumeLUT3D.uasset" 676
"../../../Engine/Content/EngineMaterials/Substrate/Volume/SubstrateSimpleVolumeLUT3D.uexp" 677
"../../../Engine/Content/EngineMaterials/Substrate/Volume/SubstrateSimpleVolumeEnvLUT3D.uasset" 678
"../../../Engine/Content/EngineMaterials/Substrate/Volume/SubstrateSimpleVolumeEnvLUT3D.uexp" 679
"../../../Engine/Content/EngineMaterials/Substrate/GLints2/AGlintTex2dArray2.uasset" 680
"../../../Engine/Content/EngineMaterials/Substrate/GLints2/AGlintTex2dArray2.uexp" 681
"../../../Engine/Content/EngineMaterials/Substrate/GLints/AGlintTex2dArray.uasset" 682
"../../../Engine/Content/EngineMaterials/Substrate/GLints/AGlintTex2dArray.uexp" 683
"../../../Engine/Content/Maps/Entry_BuiltData.uasset" 684
"../../../Engine/Content/Maps/Entry_BuiltData.uexp" 685
"../../../Engine/Content/Maps/Entry.uexp" 686
"../../../Engine/Content/Maps/Entry.umap" 687
"C:/Users/demo/Documents/Unreal Projects/MyProject5/Content/VRTemplate/Textures/T_Grid.ubulk" 688
"C:/Users/demo/Documents/Unreal Projects/MyProject5/Content/VRTemplate/Textures/T_Grid.uasset" 689
"C:/Users/demo/Documents/Unreal Projects/MyProject5/Content/VRTemplate/Textures/T_Grid.uexp" 690
"../../../Engine/Content/Functions/Engine_MaterialFunctions02/Utility/AppendMany.uasset" 691
"../../../Engine/Content/Functions/Engine_MaterialFunctions02/Utility/AppendMany.uexp" 692
"../../../Engine/Content/Functions/Engine_MaterialFunctions01/Gradient/LinearGradient.uasset" 693
"../../../Engine/Content/Functions/Engine_MaterialFunctions01/Gradient/LinearGradient.uexp" 694
"../../../Engine/Content/Functions/Engine_MaterialFunctions01/ImageAdjustment/CheapContrast.uasset" 695
"../../../Engine/Content/Functions/Engine_MaterialFunctions01/ImageAdjustment/CheapContrast.uexp" 696
"../../../Engine/Content/Functions/Engine_MaterialFunctions01/Texturing/WorldAlignedTexture.uasset" 697
"../../../Engine/Content/Functions/Engine_MaterialFunctions01/Texturing/WorldAlignedTexture.uexp" 698
"C:/Users/demo/Documents/Unreal Projects/MyProject5/Content/VRTemplate/Materials/M_GridRotation.uasset" 699
"C:/Users/demo/Documents/Unreal Projects/MyProject5/Content/VRTemplate/Materials/M_GridRotation.uexp" 700
"C:/Users/demo/Documents/Unreal Projects/MyProject5/Content/VRTemplate/Materials/MI_Grid_Accent.uasset" 701
"C:/Users/demo/Documents/Unreal Projects/MyProject5/Content/VRTemplate/Materials/MI_Grid_Accent.uexp" 702
"C:/Users/demo/Documents/Unreal Projects/MyProject5/Content/VRTemplate/Haptics/GrabHapticEffect.uasset" 703
"C:/Users/demo/Documents/Unreal Projects/MyProject5/Content/VRTemplate/Haptics/GrabHapticEffect.uexp" 704
"C:/Users/demo/Documents/Unreal Projects/MyProject5/Content/VRTemplate/Blueprints/GrabType.uasset" 705
"C:/Users/demo/Documents/Unreal Projects/MyProject5/Content/VRTemplate/Blueprints/GrabType.uexp" 706
"C:/Users/demo/Documents/Unreal Projects/MyProject5/Content/VRTemplate/Blueprints/GrabComponent.uasset" 707
"C:/Users/demo/Documents/Unreal Projects/MyProject5/Content/VRTemplate/Blueprints/GrabComponent.uexp" 708
"../../../Engine/Content/EngineSky/C_Sky_Horizon_Color.uasset" 709
"../../../Engine/Content/EngineSky/C_Sky_Horizon_Color.uexp" 710
"../../../Engine/Content/EngineSky/T_Sky_Stars.ubulk" 711
"../../../Engine/Content/EngineSky/T_Sky_Stars.uasset" 712
"../../../Engine/Content/EngineSky/T_Sky_Stars.uexp" 713
"../../../Engine/Content/EngineSky/T_Sky_Clouds_M.ubulk" 714
"../../../Engine/Content/EngineSky/T_Sky_Clouds_M.uasset" 715
"../../../Engine/Content/EngineSky/T_Sky_Clouds_M.uexp" 716
"../../../Engine/Content/EngineSky/T_Sky_Blue.ubulk" 717
"../../../Engine/Content/EngineSky/T_Sky_Blue.uasset" 718
"../../../Engine/Content/EngineSky/T_Sky_Blue.uexp" 719
"../../../Engine/Content/EngineSky/M_Sky_Panning_Clouds2.uasset" 720
"../../../Engine/Content/EngineSky/M_Sky_Panning_Clouds2.uexp" 721
"../../../Engine/Content/EngineSky/SM_SkySphere.uasset" 722
"../../../Engine/Content/EngineSky/SM_SkySphere.uexp" 723
"../../../Engine/Content/EngineSky/C_Sky_Cloud_Color.uasset" 724
"../../../Engine/Content/EngineSky/C_Sky_Cloud_Color.uexp" 725
"../../../Engine/Content/EngineSky/C_Sky_Zenith_Color.uasset" 726
"../../../Engine/Content/EngineSky/C_Sky_Zenith_Color.uexp" 727
"../../../Engine/Content/EditorBlueprintResources/StandardMacros.uasset" 728
"../../../Engine/Content/EditorBlueprintResources/StandardMacros.uexp" 729
"../../../Engine/Content/EngineSky/BP_Sky_Sphere.uasset" 730
"../../../Engine/Content/EngineSky/BP_Sky_Sphere.uexp" 731
"C:/Users/demo/Documents/Unreal Projects/MyProject5/Content/VRTemplate/Materials/MI_Grid_Default.uasset" 732
"C:/Users/demo/Documents/Unreal Projects/MyProject5/Content/VRTemplate/Materials/MI_Grid_Default.uexp" 733
"../../../Engine/Content/VREditor/BasicMeshes/T_CleanFloorGrunge_01_D.ubulk" 734
"../../../Engine/Content/VREditor/BasicMeshes/T_CleanFloorGrunge_01_D.uasset" 735
"../../../Engine/Content/VREditor/BasicMeshes/T_CleanFloorGrunge_01_D.uexp" 736
"../../../Engine/Content/VREditor/BasicMeshes/M_Floor_01.uasset" 737
"../../../Engine/Content/VREditor/BasicMeshes/M_Floor_01.uexp" 738
"../../../Engine/Content/VREditor/BasicMeshes/MI_Cube_01.uasset" 739
"../../../Engine/Content/VREditor/BasicMeshes/MI_Cube_01.uexp" 740
"../../../Engine/Content/VREditor/BasicMeshes/SM_Cube_01.uasset" 741
"../../../Engine/Content/VREditor/BasicMeshes/SM_Cube_01.uexp" 742
"C:/Users/demo/Documents/Unreal Projects/MyProject5/Content/VRTemplate/Blueprints/Grabbable_SmallCube.uasset" 743
"C:/Users/demo/Documents/Unreal Projects/MyProject5/Content/VRTemplate/Blueprints/Grabbable_SmallCube.uexp" 744
"C:/Users/demo/Documents/Unreal Projects/MyProject5/Content/LevelPrototyping/Textures/T_GridChecker_A.ubulk" 745
"C:/Users/demo/Documents/Unreal Projects/MyProject5/Content/LevelPrototyping/Textures/T_GridChecker_A.uasset" 746
"C:/Users/demo/Documents/Unreal Projects/MyProject5/Content/LevelPrototyping/Textures/T_GridChecker_A.uexp" 747
"C:/Users/demo/Documents/Unreal Projects/MyProject5/Content/LevelPrototyping/Materials/MF_ProcGrid.uasset" 748
"C:/Users/demo/Documents/Unreal Projects/MyProject5/Content/LevelPrototyping/Materials/MF_ProcGrid.uexp" 749
"C:/Users/demo/Documents/Unreal Projects/MyProject5/Content/LevelPrototyping/Materials/M_PrototypeGrid.uasset" 750
"C:/Users/demo/Documents/Unreal Projects/MyProject5/Content/LevelPrototyping/Materials/M_PrototypeGrid.uexp" 751
"C:/Users/demo/Documents/Unreal Projects/MyProject5/Content/LevelPrototyping/Materials/MI_PrototypeGrid_Gray.uasset" 752
"C:/Users/demo/Documents/Unreal Projects/MyProject5/Content/LevelPrototyping/Materials/MI_PrototypeGrid_Gray.uexp" 753
"C:/Users/demo/Documents/Unreal Projects/MyProject5/Content/LevelPrototyping/Meshes/SM_Cube.uasset" 754
"C:/Users/demo/Documents/Unreal Projects/MyProject5/Content/LevelPrototyping/Meshes/SM_Cube.uexp" 755
"C:/Users/demo/Documents/Unreal Projects/MyProject5/Content/LevelPrototyping/Materials/M_Solid.uasset" 756
"C:/Users/demo/Documents/Unreal Projects/MyProject5/Content/LevelPrototyping/Materials/M_Solid.uexp" 757
"C:/Users/demo/Documents/Unreal Projects/MyProject5/Content/LevelPrototyping/Materials/MI_Solid_Blue.uasset" 758
"C:/Users/demo/Documents/Unreal Projects/MyProject5/Content/LevelPrototyping/Materials/MI_Solid_Blue.uexp" 759
"C:/Users/demo/Documents/Unreal Projects/MyProject5/Content/LevelPrototyping/Meshes/SM_ChamferCube.uasset" 760
"C:/Users/demo/Documents/Unreal Projects/MyProject5/Content/LevelPrototyping/Meshes/SM_ChamferCube.uexp" 761
"C:/Users/demo/Documents/Unreal Projects/MyProject5/Content/VRTemplate/VFX/NPC_VRTemplate.uasset" 762
"C:/Users/demo/Documents/Unreal Projects/MyProject5/Content/VRTemplate/VFX/NPC_VRTemplate.uexp" 763
"../../../Engine/Content/Functions/Engine_MaterialFunctions02/Utility/DepthFromWorldPosition.uasset" 764
"../../../Engine/Content/Functions/Engine_MaterialFunctions02/Utility/DepthFromWorldPosition.uexp" 765
"C:/Users/demo/Documents/Unreal Projects/MyProject5/Content/VRTemplate/Materials/Functions/MF_OccludedPixels.uasset" 766
"C:/Users/demo/Documents/Unreal Projects/MyProject5/Content/VRTemplate/Materials/Functions/MF_OccludedPixels.uexp" 767
"C:/Users/demo/Documents/Unreal Projects/MyProject5/Content/VRTemplate/Materials/M_TeleportNoise.uasset" 768
"C:/Users/demo/Documents/Unreal Projects/MyProject5/Content/VRTemplate/Materials/M_TeleportNoise.uexp" 769
"C:/Users/demo/Documents/Unreal Projects/MyProject5/Content/VRTemplate/VFX/NS_PlayAreaBounds.uasset" 770
"C:/Users/demo/Documents/Unreal Projects/MyProject5/Content/VRTemplate/VFX/NS_PlayAreaBounds.uexp" 771
"../../../Engine/Content/BasicShapes/Cylinder.uasset" 772
"../../../Engine/Content/BasicShapes/Cylinder.uexp" 773
"C:/Users/demo/Documents/Unreal Projects/MyProject5/Content/VRTemplate/Materials/M_TeleportCylinder.uasset" 774
"C:/Users/demo/Documents/Unreal Projects/MyProject5/Content/VRTemplate/Materials/M_TeleportCylinder.uexp" 775
"C:/Users/demo/Documents/Unreal Projects/MyProject5/Content/VRTemplate/VFX/NS_TeleportRing.uasset" 776
"C:/Users/demo/Documents/Unreal Projects/MyProject5/Content/VRTemplate/VFX/NS_TeleportRing.uexp" 777
"C:/Users/demo/Documents/Unreal Projects/MyProject5/Content/VRTemplate/Blueprints/VRTeleportVisualizer.uasset" 778
"C:/Users/demo/Documents/Unreal Projects/MyProject5/Content/VRTemplate/Blueprints/VRTeleportVisualizer.uexp" 779
"C:/Users/demo/Documents/Unreal Projects/MyProject5/Content/Characters/MannequinsXR/Textures/Manny/T_Manny_02_MSR_MSK.ubulk" 780
"C:/Users/demo/Documents/Unreal Projects/MyProject5/Content/Characters/MannequinsXR/Textures/Manny/T_Manny_02_MSR_MSK.uasset" 781
"C:/Users/demo/Documents/Unreal Projects/MyProject5/Content/Characters/MannequinsXR/Textures/Manny/T_Manny_02_MSR_MSK.uexp" 782
"C:/Users/demo/Documents/Unreal Projects/MyProject5/Content/Characters/MannequinsXR/Textures/Manny/T_Manny_02_N.ubulk" 783
"C:/Users/demo/Documents/Unreal Projects/MyProject5/Content/Characters/MannequinsXR/Textures/Manny/T_Manny_02_N.uasset" 784
"C:/Users/demo/Documents/Unreal Projects/MyProject5/Content/Characters/MannequinsXR/Textures/Manny/T_Manny_02_N.uexp" 785
"C:/Users/demo/Documents/Unreal Projects/MyProject5/Content/Characters/MannequinsXR/Textures/Manny/T_Manny_02_Tan.ubulk" 786
"C:/Users/demo/Documents/Unreal Projects/MyProject5/Content/Characters/MannequinsXR/Textures/Manny/T_Manny_02_Tan.uasset" 787
"C:/Users/demo/Documents/Unreal Projects/MyProject5/Content/Characters/MannequinsXR/Textures/Manny/T_Manny_02_Tan.uexp" 788
"C:/Users/demo/Documents/Unreal Projects/MyProject5/Content/Characters/MannequinsXR/Textures/Manny/T_Manny_01_BN.ubulk" 789
"C:/Users/demo/Documents/Unreal Projects/MyProject5/Content/Characters/MannequinsXR/Textures/Manny/T_Manny_01_BN.uasset" 790
"C:/Users/demo/Documents/Unreal Projects/MyProject5/Content/Characters/MannequinsXR/Textures/Manny/T_Manny_01_BN.uexp" 791
"C:/Users/demo/Documents/Unreal Projects/MyProject5/Content/Characters/MannequinsXR/Textures/Manny/T_Manny_01_ASAOPMASK_MSK.ubulk" 792
"C:/Users/demo/Documents/Unreal Projects/MyProject5/Content/Characters/MannequinsXR/Textures/Manny/T_Manny_01_ASAOPMASK_MSK.uasset" 793
"C:/Users/demo/Documents/Unreal Projects/MyProject5/Content/Characters/MannequinsXR/Textures/Manny/T_Manny_01_ASAOPMASK_MSK.uexp" 794
"C:/Users/demo/Documents/Unreal Projects/MyProject5/Content/Characters/MannequinsXR/Textures/Manny/T_Manny_01_D.ubulk" 795
"C:/Users/demo/Documents/Unreal Projects/MyProject5/Content/Characters/MannequinsXR/Textures/Manny/T_Manny_01_D.uasset" 796
"C:/Users/demo/Documents/Unreal Projects/MyProject5/Content/Characters/MannequinsXR/Textures/Manny/T_Manny_01_D.uexp" 797
"C:/Users/demo/Documents/Unreal Projects/MyProject5/Content/Characters/MannequinsXR/Textures/Manny/T_Manny_01_Tan.ubulk" 798
"C:/Users/demo/Documents/Unreal Projects/MyProject5/Content/Characters/MannequinsXR/Textures/Manny/T_Manny_01_Tan.uasset" 799
"C:/Users/demo/Documents/Unreal Projects/MyProject5/Content/Characters/MannequinsXR/Textures/Manny/T_Manny_01_Tan.uexp" 800
"C:/Users/demo/Documents/Unreal Projects/MyProject5/Content/Characters/MannequinsXR/Textures/Manny/T_Manny_01_N.ubulk" 801
"C:/Users/demo/Documents/Unreal Projects/MyProject5/Content/Characters/MannequinsXR/Textures/Manny/T_Manny_01_N.uasset" 802
"C:/Users/demo/Documents/Unreal Projects/MyProject5/Content/Characters/MannequinsXR/Textures/Manny/T_Manny_01_N.uexp" 803
"C:/Users/demo/Documents/Unreal Projects/MyProject5/Content/Characters/MannequinsXR/Textures/Manny/T_Manny_01_MSR_MSK.ubulk" 804
"C:/Users/demo/Documents/Unreal Projects/MyProject5/Content/Characters/MannequinsXR/Textures/Manny/T_Manny_01_MSR_MSK.uasset" 805
"C:/Users/demo/Documents/Unreal Projects/MyProject5/Content/Characters/MannequinsXR/Textures/Manny/T_Manny_01_MSR_MSK.uexp" 806
"C:/Users/demo/Documents/Unreal Projects/MyProject5/Content/Characters/MannequinsXR/Textures/Manny/T_Manny_01_CCRCCPlastic_MSK.ubulk" 807
"C:/Users/demo/Documents/Unreal Projects/MyProject5/Content/Characters/MannequinsXR/Textures/Manny/T_Manny_01_CCRCCPlastic_MSK.uasset" 808
"C:/Users/demo/Documents/Unreal Projects/MyProject5/Content/Characters/MannequinsXR/Textures/Manny/T_Manny_01_CCRCCPlastic_MSK.uexp" 809
"C:/Users/demo/Documents/Unreal Projects/MyProject5/Content/Characters/MannequinsXR/Materials/Functions/ML_BaseColorFallOff.uasset" 810
"C:/Users/demo/Documents/Unreal Projects/MyProject5/Content/Characters/MannequinsXR/Materials/Functions/ML_BaseColorFallOff.uexp" 811
"C:/Users/demo/Documents/Unreal Projects/MyProject5/Content/Characters/MannequinsXR/Materials/Functions/ChromaticCurve.uasset" 812
"C:/Users/demo/Documents/Unreal Projects/MyProject5/Content/Characters/MannequinsXR/Materials/Functions/ChromaticCurve.uexp" 813
"C:/Users/demo/Documents/Unreal Projects/MyProject5/Content/Characters/MannequinsXR/Materials/Functions/CA_Mannequin.uasset" 814
"C:/Users/demo/Documents/Unreal Projects/MyProject5/Content/Characters/MannequinsXR/Materials/Functions/CA_Mannequin.uexp" 815
"C:/Users/demo/Documents/Unreal Projects/MyProject5/Content/Characters/MannequinsXR/Materials/Functions/MF_Diffraction.uasset" 816
"C:/Users/demo/Documents/Unreal Projects/MyProject5/Content/Characters/MannequinsXR/Materials/Functions/MF_Diffraction.uexp" 817
"C:/Users/demo/Documents/Unreal Projects/MyProject5/Content/Characters/MannequinsXR/Textures/Shared/T_UE_Logo_M.uasset" 818
"C:/Users/demo/Documents/Unreal Projects/MyProject5/Content/Characters/MannequinsXR/Textures/Shared/T_UE_Logo_M.uexp" 819
"../../../Engine/Content/Functions/Engine_MaterialFunctions01/Texturing/ScaleUVsByCenter.uasset" 820
"../../../Engine/Content/Functions/Engine_MaterialFunctions01/Texturing/ScaleUVsByCenter.uexp" 821
"C:/Users/demo/Documents/Unreal Projects/MyProject5/Content/Characters/MannequinsXR/Materials/Functions/MF_logo3layers.uasset" 822
"C:/Users/demo/Documents/Unreal Projects/MyProject5/Content/Characters/MannequinsXR/Materials/Functions/MF_logo3layers.uexp" 823
"C:/Users/demo/Documents/Unreal Projects/MyProject5/Content/Characters/MannequinsXR/Materials/M_Mannequin.uasset" 824
"C:/Users/demo/Documents/Unreal Projects/MyProject5/Content/Characters/MannequinsXR/Materials/M_Mannequin.uexp" 825
"C:/Users/demo/Documents/Unreal Projects/MyProject5/Content/Characters/MannequinsXR/Materials/Instances/Manny/MI_Manny_01.uasset" 826
"C:/Users/demo/Documents/Unreal Projects/MyProject5/Content/Characters/MannequinsXR/Materials/Instances/Manny/MI_Manny_01.uexp" 827
"C:/Users/demo/Documents/Unreal Projects/MyProject5/Content/Characters/MannequinsXR/Textures/Manny/T_Manny_02_D.ubulk" 828
"C:/Users/demo/Documents/Unreal Projects/MyProject5/Content/Characters/MannequinsXR/Textures/Manny/T_Manny_02_D.uasset" 829
"C:/Users/demo/Documents/Unreal Projects/MyProject5/Content/Characters/MannequinsXR/Textures/Manny/T_Manny_02_D.uexp" 830
"C:/Users/demo/Documents/Unreal Projects/MyProject5/Content/Characters/MannequinsXR/Textures/Manny/T_Manny_02_ASAOPMASK_MSK.ubulk" 831
"C:/Users/demo/Documents/Unreal Projects/MyProject5/Content/Characters/MannequinsXR/Textures/Manny/T_Manny_02_ASAOPMASK_MSK.uasset" 832
"C:/Users/demo/Documents/Unreal Projects/MyProject5/Content/Characters/MannequinsXR/Textures/Manny/T_Manny_02_ASAOPMASK_MSK.uexp" 833
"C:/Users/demo/Documents/Unreal Projects/MyProject5/Content/Characters/MannequinsXR/Textures/Manny/T_Manny_02_CCRCCPlastic_MSK.ubulk" 834
"C:/Users/demo/Documents/Unreal Projects/MyProject5/Content/Characters/MannequinsXR/Textures/Manny/T_Manny_02_CCRCCPlastic_MSK.uasset" 835
"C:/Users/demo/Documents/Unreal Projects/MyProject5/Content/Characters/MannequinsXR/Textures/Manny/T_Manny_02_CCRCCPlastic_MSK.uexp" 836
"C:/Users/demo/Documents/Unreal Projects/MyProject5/Content/Characters/MannequinsXR/Textures/Manny/T_Manny_02_BN.ubulk" 837
"C:/Users/demo/Documents/Unreal Projects/MyProject5/Content/Characters/MannequinsXR/Textures/Manny/T_Manny_02_BN.uasset" 838
"C:/Users/demo/Documents/Unreal Projects/MyProject5/Content/Characters/MannequinsXR/Textures/Manny/T_Manny_02_BN.uexp" 839
"C:/Users/demo/Documents/Unreal Projects/MyProject5/Content/Characters/MannequinsXR/Materials/Instances/Manny/MI_Manny_02.uasset" 840
"C:/Users/demo/Documents/Unreal Projects/MyProject5/Content/Characters/MannequinsXR/Materials/Instances/Manny/MI_Manny_02.uexp" 841
"C:/Users/demo/Documents/Unreal Projects/MyProject5/Content/Characters/MannequinsXR/Meshes/SK_MannequinsXR.uasset" 842
"C:/Users/demo/Documents/Unreal Projects/MyProject5/Content/Characters/MannequinsXR/Meshes/SK_MannequinsXR.uexp" 843
"C:/Users/demo/Documents/Unreal Projects/MyProject5/Content/Characters/MannequinsXR/Meshes/SKM_MannyXR_left.uasset" 844
"C:/Users/demo/Documents/Unreal Projects/MyProject5/Content/Characters/MannequinsXR/Meshes/SKM_MannyXR_left.uexp" 845
"../../../Engine/Content/Animation/DefaultAnimCurveCompressionSettings.uasset" 846
"../../../Engine/Content/Animation/DefaultAnimCurveCompressionSettings.uexp" 847
"../../../Engine/Content/Animation/DefaultRecorderBoneCompression.uasset" 848
"../../../Engine/Content/Animation/DefaultRecorderBoneCompression.uexp" 849
"C:/Users/demo/Documents/Unreal Projects/MyProject5/Content/Characters/MannequinsXR/Animations/A_MannequinsXR_Idle_Right.uasset" 850
"C:/Users/demo/Documents/Unreal Projects/MyProject5/Content/Characters/MannequinsXR/Animations/A_MannequinsXR_Idle_Right.uexp" 851
"C:/Users/demo/Documents/Unreal Projects/MyProject5/Content/Characters/MannequinsXR/Animations/A_MannequinsXR_ThumbUp_Right.uasset" 852
"C:/Users/demo/Documents/Unreal Projects/MyProject5/Content/Characters/MannequinsXR/Animations/A_MannequinsXR_ThumbUp_Right.uexp" 853
"C:/Users/demo/Documents/Unreal Projects/MyProject5/Content/Characters/MannequinsXR/Animations/A_MannequinsXR_Point_Right.uasset" 854
"C:/Users/demo/Documents/Unreal Projects/MyProject5/Content/Characters/MannequinsXR/Animations/A_MannequinsXR_Point_Right.uexp" 855
"C:/Users/demo/Documents/Unreal Projects/MyProject5/Content/Characters/MannequinsXR/Animations/MDT_MannequinsXR.uasset" 856
"C:/Users/demo/Documents/Unreal Projects/MyProject5/Content/Characters/MannequinsXR/Animations/MDT_MannequinsXR.uexp" 857
"C:/Users/demo/Documents/Unreal Projects/MyProject5/Content/Characters/MannequinsXR/Animations/A_MannequinsXR_Grasp_Right.uasset" 858
"C:/Users/demo/Documents/Unreal Projects/MyProject5/Content/Characters/MannequinsXR/Animations/A_MannequinsXR_Grasp_Right.uexp" 859
"C:/Users/demo/Documents/Unreal Projects/MyProject5/Content/Characters/MannequinsXR/Animations/A_MannequinsXR_IndexCurl_Right.uasset" 860
"C:/Users/demo/Documents/Unreal Projects/MyProject5/Content/Characters/MannequinsXR/Animations/A_MannequinsXR_IndexCurl_Right.uexp" 861
"C:/Users/demo/Documents/Unreal Projects/MyProject5/Content/Characters/MannequinsXR/Meshes/ABP_MannequinsXR.uasset" 862
"C:/Users/demo/Documents/Unreal Projects/MyProject5/Content/Characters/MannequinsXR/Meshes/ABP_MannequinsXR.uexp" 863
"C:/Users/demo/Documents/Unreal Projects/MyProject5/Content/Characters/MannequinsXR/B_MannequinsXR.uasset" 864
"C:/Users/demo/Documents/Unreal Projects/MyProject5/Content/Characters/MannequinsXR/B_MannequinsXR.uexp" 865
"C:/Users/demo/Documents/Unreal Projects/MyProject5/Content/VRTemplate/Materials/DefaultRibbonMaterial_NoGradient.uasset" 866
"C:/Users/demo/Documents/Unreal Projects/MyProject5/Content/VRTemplate/Materials/DefaultRibbonMaterial_NoGradient.uexp" 867
"C:/Users/demo/Documents/Unreal Projects/MyProject5/Content/VRTemplate/VFX/NS_TeleportTrace.uasset" 868
"C:/Users/demo/Documents/Unreal Projects/MyProject5/Content/VRTemplate/VFX/NS_TeleportTrace.uexp" 869
"C:/Users/demo/Documents/Unreal Projects/MyProject5/Content/Characters/MannequinsXR/Meshes/SKM_MannyXR_right.uasset" 870
"C:/Users/demo/Documents/Unreal Projects/MyProject5/Content/Characters/MannequinsXR/Meshes/SKM_MannyXR_right.uexp" 871
"../../../Engine/Content/VREditor/Devices/Generic/GenericHMDMaterial.uasset" 872
"../../../Engine/Content/VREditor/Devices/Generic/GenericHMDMaterial.uexp" 873
"../../../Engine/Content/VREditor/Devices/Generic/GenericHMD.uasset" 874
"../../../Engine/Content/VREditor/Devices/Generic/GenericHMD.uexp" 875
"../../../Engine/Content/BasicShapes/Sphere.uasset" 876
"../../../Engine/Content/BasicShapes/Sphere.uexp" 877
"C:/Users/demo/Documents/Unreal Projects/MyProject5/Content/VRTemplate/VFX/NS_MenuLaser.uasset" 878
"C:/Users/demo/Documents/Unreal Projects/MyProject5/Content/VRTemplate/VFX/NS_MenuLaser.uexp" 879
"C:/Users/demo/Documents/Unreal Projects/MyProject5/Content/VRTemplate/Blueprints/WidgetMenu.uasset" 880
"C:/Users/demo/Documents/Unreal Projects/MyProject5/Content/VRTemplate/Blueprints/WidgetMenu.uexp" 881
"C:/Users/demo/Documents/Unreal Projects/MyProject5/Content/VRTemplate/Materials/M_VRCursor.uasset" 882
"C:/Users/demo/Documents/Unreal Projects/MyProject5/Content/VRTemplate/Materials/M_VRCursor.uexp" 883
"C:/Users/demo/Documents/Unreal Projects/MyProject5/Content/VRTemplate/Blueprints/Menu.uasset" 884
"C:/Users/demo/Documents/Unreal Projects/MyProject5/Content/VRTemplate/Blueprints/Menu.uexp" 885
"C:/Users/demo/Documents/Unreal Projects/MyProject5/Content/VRTemplate/Blueprints/VRPawn.uasset" 886
"C:/Users/demo/Documents/Unreal Projects/MyProject5/Content/VRTemplate/Blueprints/VRPawn.uexp" 887
"C:/Users/demo/Documents/Unreal Projects/MyProject5/Content/VRTemplate/Blueprints/VRGameMode.uasset" 888
"C:/Users/demo/Documents/Unreal Projects/MyProject5/Content/VRTemplate/Blueprints/VRGameMode.uexp" 889
"../../../Engine/Content/BasicShapes/BasicShapeMaterial.uasset" 890
"../../../Engine/Content/BasicShapes/BasicShapeMaterial.uexp" 891
"../../../Engine/Content/VREditor/BasicMeshes/MI_Ball_01.uasset" 892
"../../../Engine/Content/VREditor/BasicMeshes/MI_Ball_01.uexp" 893
"../../../Engine/Content/VREditor/BasicMeshes/SM_Ball_01.uasset" 894
"../../../Engine/Content/VREditor/BasicMeshes/SM_Ball_01.uexp" 895
"C:/Users/demo/Documents/Unreal Projects/MyProject5/Content/VRTemplate/Audio/Fire01.ubulk" 896
"C:/Users/demo/Documents/Unreal Projects/MyProject5/Content/VRTemplate/Audio/Fire01.uasset" 897
"C:/Users/demo/Documents/Unreal Projects/MyProject5/Content/VRTemplate/Audio/Fire01.uexp" 898
"C:/Users/demo/Documents/Unreal Projects/MyProject5/Content/VRTemplate/Audio/Fire_Cue.uasset" 899
"C:/Users/demo/Documents/Unreal Projects/MyProject5/Content/VRTemplate/Audio/Fire_Cue.uexp" 900
"C:/Users/demo/Documents/Unreal Projects/MyProject5/Content/FPWeapon/Mesh/SK_FPGun_Skeleton.uasset" 901
"C:/Users/demo/Documents/Unreal Projects/MyProject5/Content/FPWeapon/Mesh/SK_FPGun_Skeleton.uexp" 902
"C:/Users/demo/Documents/Unreal Projects/MyProject5/Content/FPWeapon/Materials/MaterialLayers/T_ML_Rubber_Blue_01_D.ubulk" 903
"C:/Users/demo/Documents/Unreal Projects/MyProject5/Content/FPWeapon/Materials/MaterialLayers/T_ML_Rubber_Blue_01_D.uasset" 904
"C:/Users/demo/Documents/Unreal Projects/MyProject5/Content/FPWeapon/Materials/MaterialLayers/T_ML_Rubber_Blue_01_D.uexp" 905
"C:/Users/demo/Documents/Unreal Projects/MyProject5/Content/FPWeapon/Textures/T_FPGun_N.ubulk" 906
"C:/Users/demo/Documents/Unreal Projects/MyProject5/Content/FPWeapon/Textures/T_FPGun_N.uasset" 907
"C:/Users/demo/Documents/Unreal Projects/MyProject5/Content/FPWeapon/Textures/T_FPGun_N.uexp" 908
"../../../Engine/Content/Functions/Engine_MaterialFunctions02/Utility/BlendAngleCorrectedNormals.uasset" 909
"../../../Engine/Content/Functions/Engine_MaterialFunctions02/Utility/BlendAngleCorrectedNormals.uexp" 910
"../../../Engine/Content/Functions/MaterialLayerFunctions/MatLayerBlend_NormalBlend.uasset" 911
"../../../Engine/Content/Functions/MaterialLayerFunctions/MatLayerBlend_NormalBlend.uexp" 912
"C:/Users/demo/Documents/Unreal Projects/MyProject5/Content/FPWeapon/Materials/MaterialLayers/T_ML_Rubber_Blue_01_N.ubulk" 913
"C:/Users/demo/Documents/Unreal Projects/MyProject5/Content/FPWeapon/Materials/MaterialLayers/T_ML_Rubber_Blue_01_N.uasset" 914
"C:/Users/demo/Documents/Unreal Projects/MyProject5/Content/FPWeapon/Materials/MaterialLayers/T_ML_Rubber_Blue_01_N.uexp" 915
"C:/Users/demo/Documents/Unreal Projects/MyProject5/Content/FPWeapon/Materials/MaterialLayers/ML_Screen.uasset" 916
"C:/Users/demo/Documents/Unreal Projects/MyProject5/Content/FPWeapon/Materials/MaterialLayers/ML_Screen.uexp" 917
"C:/Users/demo/Documents/Unreal Projects/MyProject5/Content/FPWeapon/Materials/MaterialLayers/T_ML_Aluminum01_N.ubulk" 918
"C:/Users/demo/Documents/Unreal Projects/MyProject5/Content/FPWeapon/Materials/MaterialLayers/T_ML_Aluminum01_N.uasset" 919
"C:/Users/demo/Documents/Unreal Projects/MyProject5/Content/FPWeapon/Materials/MaterialLayers/T_ML_Aluminum01_N.uexp" 920
"C:/Users/demo/Documents/Unreal Projects/MyProject5/Content/FPWeapon/Materials/MaterialLayers/T_ML_Aluminum01.ubulk" 921
"C:/Users/demo/Documents/Unreal Projects/MyProject5/Content/FPWeapon/Materials/MaterialLayers/T_ML_Aluminum01.uasset" 922
"C:/Users/demo/Documents/Unreal Projects/MyProject5/Content/FPWeapon/Materials/MaterialLayers/T_ML_Aluminum01.uexp" 923
"C:/Users/demo/Documents/Unreal Projects/MyProject5/Content/FPWeapon/Materials/MaterialLayers/ML_SoftMetal_UE4.uasset" 924
"C:/Users/demo/Documents/Unreal Projects/MyProject5/Content/FPWeapon/Materials/MaterialLayers/ML_SoftMetal_UE4.uexp" 925
"../../../Engine/Content/Functions/MaterialLayerFunctions/MatLayerBlend_Simple.uasset" 926
"../../../Engine/Content/Functions/MaterialLayerFunctions/MatLayerBlend_Simple.uexp" 927
"C:/Users/demo/Documents/Unreal Projects/MyProject5/Content/FPWeapon/Textures/T_FPGun_M.ubulk" 928
"C:/Users/demo/Documents/Unreal Projects/MyProject5/Content/FPWeapon/Textures/T_FPGun_M.uasset" 929
"C:/Users/demo/Documents/Unreal Projects/MyProject5/Content/FPWeapon/Textures/T_FPGun_M.uexp" 930
"C:/Users/demo/Documents/Unreal Projects/MyProject5/Content/FPWeapon/Materials/MaterialLayers/ML_Plastic_Shiny_Beige.uasset" 931
"C:/Users/demo/Documents/Unreal Projects/MyProject5/Content/FPWeapon/Materials/MaterialLayers/ML_Plastic_Shiny_Beige.uexp" 932
"C:/Users/demo/Documents/Unreal Projects/MyProject5/Content/FPWeapon/Materials/MaterialLayers/ML_GlossyBlack_Latex_UE4.uasset" 933
"C:/Users/demo/Documents/Unreal Projects/MyProject5/Content/FPWeapon/Materials/MaterialLayers/ML_GlossyBlack_Latex_UE4.uexp" 934
"C:/Users/demo/Documents/Unreal Projects/MyProject5/Content/FPWeapon/Materials/M_FPGun.uasset" 935
"C:/Users/demo/Documents/Unreal Projects/MyProject5/Content/FPWeapon/Materials/M_FPGun.uexp" 936
"C:/Users/demo/Documents/Unreal Projects/MyProject5/Content/FPWeapon/Mesh/SK_FPGun_Physics.uasset" 937
"C:/Users/demo/Documents/Unreal Projects/MyProject5/Content/FPWeapon/Mesh/SK_FPGun_Physics.uexp" 938
"C:/Users/demo/Documents/Unreal Projects/MyProject5/Content/FPWeapon/Mesh/SK_FPGun.uasset" 939
"C:/Users/demo/Documents/Unreal Projects/MyProject5/Content/FPWeapon/Mesh/SK_FPGun.uexp" 940
"C:/Users/demo/Documents/Unreal Projects/MyProject5/Content/VRTemplate/Haptics/PistolFireHapticEffect.uasset" 941
"C:/Users/demo/Documents/Unreal Projects/MyProject5/Content/VRTemplate/Haptics/PistolFireHapticEffect.uexp" 942
"C:/Users/demo/Documents/Unreal Projects/MyProject5/Content/VRTemplate/Materials/M_Projectile.uasset" 943
"C:/Users/demo/Documents/Unreal Projects/MyProject5/Content/VRTemplate/Materials/M_Projectile.uexp" 944
"C:/Users/demo/Documents/Unreal Projects/MyProject5/Content/VRTemplate/Materials/MI_Projectile.uasset" 945
"C:/Users/demo/Documents/Unreal Projects/MyProject5/Content/VRTemplate/Materials/MI_Projectile.uexp" 946
"C:/Users/demo/Documents/Unreal Projects/MyProject5/Content/VRTemplate/Blueprints/Projectile.uasset" 947
"C:/Users/demo/Documents/Unreal Projects/MyProject5/Content/VRTemplate/Blueprints/Projectile.uexp" 948
"C:/Users/demo/Documents/Unreal Projects/MyProject5/Content/VRTemplate/Blueprints/Pistol.uasset" 949
"C:/Users/demo/Documents/Unreal Projects/MyProject5/Content/VRTemplate/Blueprints/Pistol.uexp" 950
"C:/Users/demo/Documents/Unreal Projects/MyProject5/Content/VRTemplate/Maps/VRTemplateMap_BuiltData.ubulk" 951
"C:/Users/demo/Documents/Unreal Projects/MyProject5/Content/VRTemplate/Maps/VRTemplateMap_BuiltData.uasset" 952
"C:/Users/demo/Documents/Unreal Projects/MyProject5/Content/VRTemplate/Maps/VRTemplateMap_BuiltData.uexp" 953
"C:/Users/demo/Documents/Unreal Projects/MyProject5/Content/VRTemplate/Maps/VRTemplateMap.uexp" 954
"C:/Users/demo/Documents/Unreal Projects/MyProject5/Content/VRTemplate/Maps/VRTemplateMap.umap" 955
